<!doctype html public "-//w3c//dtd html 4.0 transitional//en">
<html><head>
<title>Static Call Graph - [.\Objects\scpu.axf]</title></head>
<body><HR>
<H1>Static Call Graph for image .\Objects\scpu.axf</H1><HR>
<BR><P>#&#060CALLGRAPH&#062# ARM Linker, 5060750: Last Updated: Fri May 10 11:21:17 2024
<BR><P>
<H3>Maximum Stack Usage =       1276 bytes + Unknown(Cycles, Untraceable Function Pointers)</H3><H3>
Call chain for Maximum Stack Depth:</H3>
user_lwcom_parser &rArr; response_get_Alluser_info_msg &rArr; kdp_com_send_out_msg &rArr; DSM_AesEncrypt &rArr; aesEncrypt &rArr; keyExpansion &rArr; kdp_level_printf &rArr; kdp_uart_write &rArr; kdp_uart_control &rArr; kdp_serial_init
<P>
<H3>
Mutually Recursive functions
</H3> <LI><a href="#[bb]">__asm___13_rtx_mempool_c_c97899d2__atomic_link_put</a>&nbsp;&nbsp;&nbsp;&rArr;&nbsp;&nbsp;&nbsp;<a href="#[bb]">__asm___13_rtx_mempool_c_c97899d2__atomic_link_put</a><BR>
 <LI><a href="#[4f]">NMI_Handler</a>&nbsp;&nbsp;&nbsp;&rArr;&nbsp;&nbsp;&nbsp;<a href="#[4f]">NMI_Handler</a><BR>
 <LI><a href="#[50]">HardFault_Handler</a>&nbsp;&nbsp;&nbsp;&rArr;&nbsp;&nbsp;&nbsp;<a href="#[50]">HardFault_Handler</a><BR>
 <LI><a href="#[51]">MemManage_Handler</a>&nbsp;&nbsp;&nbsp;&rArr;&nbsp;&nbsp;&nbsp;<a href="#[51]">MemManage_Handler</a><BR>
 <LI><a href="#[52]">BusFault_Handler</a>&nbsp;&nbsp;&nbsp;&rArr;&nbsp;&nbsp;&nbsp;<a href="#[52]">BusFault_Handler</a><BR>
 <LI><a href="#[53]">UsageFault_Handler</a>&nbsp;&nbsp;&nbsp;&rArr;&nbsp;&nbsp;&nbsp;<a href="#[53]">UsageFault_Handler</a><BR>
 <LI><a href="#[55]">DebugMon_Handler</a>&nbsp;&nbsp;&nbsp;&rArr;&nbsp;&nbsp;&nbsp;<a href="#[55]">DebugMon_Handler</a><BR>
 <LI><a href="#[58]">Interrupt0_Handler</a>&nbsp;&nbsp;&nbsp;&rArr;&nbsp;&nbsp;&nbsp;<a href="#[58]">Interrupt0_Handler</a><BR>
 <LI><a href="#[59]">Interrupt1_Handler</a>&nbsp;&nbsp;&nbsp;&rArr;&nbsp;&nbsp;&nbsp;<a href="#[59]">Interrupt1_Handler</a><BR>
 <LI><a href="#[5a]">Interrupt2_Handler</a>&nbsp;&nbsp;&nbsp;&rArr;&nbsp;&nbsp;&nbsp;<a href="#[5a]">Interrupt2_Handler</a><BR>
 <LI><a href="#[5c]">Interrupt4_Handler</a>&nbsp;&nbsp;&nbsp;&rArr;&nbsp;&nbsp;&nbsp;<a href="#[5c]">Interrupt4_Handler</a><BR>
 <LI><a href="#[5d]">Interrupt5_Handler</a>&nbsp;&nbsp;&nbsp;&rArr;&nbsp;&nbsp;&nbsp;<a href="#[5d]">Interrupt5_Handler</a><BR>
 <LI><a href="#[5e]">Interrupt6_Handler</a>&nbsp;&nbsp;&nbsp;&rArr;&nbsp;&nbsp;&nbsp;<a href="#[5e]">Interrupt6_Handler</a><BR>
 <LI><a href="#[5f]">Interrupt7_Handler</a>&nbsp;&nbsp;&nbsp;&rArr;&nbsp;&nbsp;&nbsp;<a href="#[5f]">Interrupt7_Handler</a><BR>
 <LI><a href="#[60]">Interrupt8_Handler</a>&nbsp;&nbsp;&nbsp;&rArr;&nbsp;&nbsp;&nbsp;<a href="#[60]">Interrupt8_Handler</a><BR>
 <LI><a href="#[61]">Interrupt9_Handler</a>&nbsp;&nbsp;&nbsp;&rArr;&nbsp;&nbsp;&nbsp;<a href="#[61]">Interrupt9_Handler</a><BR>
 <LI><a href="#[401]">osThreadFlagsSet</a>&nbsp;&nbsp;&nbsp;&rArr;&nbsp;&nbsp;&nbsp;<a href="#[3a5]">osRtxPostProcess</a><BR>
</UL>
<P>
<H3>
Function Pointers
</H3><UL>
 <LI><a href="#[5b]">AHB_DMA_IRQHandler</a> from kdp520_dma.o(i.AHB_DMA_IRQHandler) referenced from startup_armcm4.o(RESET)
 <LI><a href="#[5b]">AHB_DMA_IRQHandler</a> from kdp520_dma.o(i.AHB_DMA_IRQHandler) referenced from kdp520_dma.o(i.kdp_dma_enable_dma_int)
 <LI><a href="#[52]">BusFault_Handler</a> from startup_armcm4.o(.text) referenced from startup_armcm4.o(RESET)
 <LI><a href="#[55]">DebugMon_Handler</a> from startup_armcm4.o(.text) referenced from startup_armcm4.o(RESET)
 <LI><a href="#[62]">GPIO010_IRQHandler</a> from kdp520_gpio.o(i.GPIO010_IRQHandler) referenced from startup_armcm4.o(RESET)
 <LI><a href="#[62]">GPIO010_IRQHandler</a> from kdp520_gpio.o(i.GPIO010_IRQHandler) referenced from main.o(i.main)
 <LI><a href="#[50]">HardFault_Handler</a> from startup_armcm4.o(.text) referenced from startup_armcm4.o(RESET)
 <LI><a href="#[58]">Interrupt0_Handler</a> from startup_armcm4.o(.text) referenced from startup_armcm4.o(RESET)
 <LI><a href="#[59]">Interrupt1_Handler</a> from startup_armcm4.o(.text) referenced from startup_armcm4.o(RESET)
 <LI><a href="#[5a]">Interrupt2_Handler</a> from startup_armcm4.o(.text) referenced from startup_armcm4.o(RESET)
 <LI><a href="#[5c]">Interrupt4_Handler</a> from startup_armcm4.o(.text) referenced from startup_armcm4.o(RESET)
 <LI><a href="#[5d]">Interrupt5_Handler</a> from startup_armcm4.o(.text) referenced from startup_armcm4.o(RESET)
 <LI><a href="#[5e]">Interrupt6_Handler</a> from startup_armcm4.o(.text) referenced from startup_armcm4.o(RESET)
 <LI><a href="#[5f]">Interrupt7_Handler</a> from startup_armcm4.o(.text) referenced from startup_armcm4.o(RESET)
 <LI><a href="#[60]">Interrupt8_Handler</a> from startup_armcm4.o(.text) referenced from startup_armcm4.o(RESET)
 <LI><a href="#[61]">Interrupt9_Handler</a> from startup_armcm4.o(.text) referenced from startup_armcm4.o(RESET)
 <LI><a href="#[51]">MemManage_Handler</a> from startup_armcm4.o(.text) referenced from startup_armcm4.o(RESET)
 <LI><a href="#[6c]">NCPU_IRQHandler</a> from kdp_com.o(i.NCPU_IRQHandler) referenced from kdp_com.o(i.kdp_com_init)
 <LI><a href="#[4f]">NMI_Handler</a> from startup_armcm4.o(.text) referenced from startup_armcm4.o(RESET)
 <LI><a href="#[6d]">PWMTMR1_IRQHandler</a> from kdp520_pwm_timer.o(i.PWMTMR1_IRQHandler) referenced from kdp520_pwm_timer.o(i.kdp_timer_init)
 <LI><a href="#[6e]">PWMTMR2_IRQHandler</a> from kdp520_pwm_timer.o(i.PWMTMR2_IRQHandler) referenced from kdp520_pwm_timer.o(i.kdp_timer_init)
 <LI><a href="#[6f]">PWMTMR3_IRQHandler</a> from kdp520_pwm_timer.o(i.PWMTMR3_IRQHandler) referenced from kdp520_pwm_timer.o(i.kdp_timer_init)
 <LI><a href="#[70]">PWMTMR4_IRQHandler</a> from kdp520_pwm_timer.o(i.PWMTMR4_IRQHandler) referenced from kdp520_pwm_timer.o(i.kdp_timer_init)
 <LI><a href="#[71]">PWMTMR5_IRQHandler</a> from kdp520_pwm_timer.o(i.PWMTMR5_IRQHandler) referenced from kdp520_pwm_timer.o(i.kdp_timer_init)
 <LI><a href="#[72]">PWMTMR6_IRQHandler</a> from kdp520_pwm_timer.o(i.PWMTMR6_IRQHandler) referenced from kdp520_pwm_timer.o(i.kdp_timer_init)
 <LI><a href="#[56]">PendSV_Handler</a> from irq_armv7m.o(.text) referenced from startup_armcm4.o(RESET)
 <LI><a href="#[4e]">Reset_Handler</a> from startup_armcm4.o(.text) referenced from startup_armcm4.o(RESET)
 <LI><a href="#[54]">SVC_Handler</a> from irq_armv7m.o(.text) referenced from startup_armcm4.o(RESET)
 <LI><a href="#[57]">SysTick_Handler</a> from irq_armv7m.o(.text) referenced from startup_armcm4.o(RESET)
 <LI><a href="#[57]">SysTick_Handler</a> from irq_armv7m.o(.text) referenced from rtx_kernel.o(i.svcRtxKernelStart)
 <LI><a href="#[64]">SystemInit</a> from system_armcm4.o(i.SystemInit) referenced from startup_armcm4.o(.text)
 <LI><a href="#[73]">TickTimer1</a> from kdp520_tmr.o(i.TickTimer1) referenced from kdp520_tmr.o(i.kdp_tmr_init)
 <LI><a href="#[74]">TickTimer2</a> from kdp520_tmr.o(i.TickTimer2) referenced from kdp520_tmr.o(i.kdp_tmr_init)
 <LI><a href="#[75]">TickTimer3</a> from kdp520_tmr.o(i.TickTimer3) referenced from kdp520_tmr.o(i.kdp_tmr_init)
 <LI><a href="#[0]">UART0_ISR</a> from kdp_uart.o(i.UART0_ISR) referenced 2 times from kdp_uart.o(.data)
 <LI><a href="#[1]">UART1_ISR</a> from kdp_uart.o(i.UART1_ISR) referenced 2 times from kdp_uart.o(.data)
 <LI><a href="#[2]">UART2_ISR</a> from kdp_uart.o(i.UART2_ISR) referenced 2 times from kdp_uart.o(.data)
 <LI><a href="#[76]">UART2_callback</a> from host_uart_com.o(i.UART2_callback) referenced from host_uart_com.o(i.kdp_uart_app_com)
 <LI><a href="#[3]">UART3_ISR</a> from kdp_uart.o(i.UART3_ISR) referenced 2 times from kdp_uart.o(.data)
 <LI><a href="#[4]">UART4_ISR</a> from kdp_uart.o(i.UART4_ISR) referenced 2 times from kdp_uart.o(.data)
 <LI><a href="#[77]">UART4_callback</a> from host_uart_com.o(i.UART4_callback) referenced from host_uart_com.o(i.kdp_uart_app_com)
 <LI><a href="#[53]">UsageFault_Handler</a> from startup_armcm4.o(.text) referenced from startup_armcm4.o(RESET)
 <LI><a href="#[65]">__main</a> from entry.o(.ARM.Collect$$$$00000000) referenced from startup_armcm4.o(.text)
 <LI><a href="#[9]">_kdp520_i2c_init</a> from kdp520_i2c.o(i._kdp520_i2c_init) referenced 4 times from kdp520_i2c.o(.data)
 <LI><a href="#[7]">_kdp520_i2c_power</a> from kdp520_i2c.o(i._kdp520_i2c_power) referenced 4 times from kdp520_i2c.o(.data)
 <LI><a href="#[5]">_kdp520_i2c_probe</a> from kdp520_i2c.o(i._kdp520_i2c_probe) referenced 4 times from kdp520_i2c.o(.data)
 <LI><a href="#[c]">_kdp520_i2c_read</a> from kdp520_i2c.o(i._kdp520_i2c_read) referenced 4 times from kdp520_i2c.o(.data)
 <LI><a href="#[d]">_kdp520_i2c_read_bytes</a> from kdp520_i2c.o(i._kdp520_i2c_read_bytes) referenced 4 times from kdp520_i2c.o(.data)
 <LI><a href="#[6]">_kdp520_i2c_remove</a> from kdp520_i2c.o(i._kdp520_i2c_remove) referenced 4 times from kdp520_i2c.o(.data)
 <LI><a href="#[a]">_kdp520_i2c_reset</a> from kdp520_i2c.o(i._kdp520_i2c_reset) referenced 4 times from kdp520_i2c.o(.data)
 <LI><a href="#[8]">_kdp520_i2c_set_params</a> from kdp520_i2c.o(i._kdp520_i2c_set_params) referenced 4 times from kdp520_i2c.o(.data)
 <LI><a href="#[b]">_kdp520_i2c_write</a> from kdp520_i2c.o(i._kdp520_i2c_write) referenced 4 times from kdp520_i2c.o(.data)
 <LI><a href="#[67]">_kdp520_i2c_xfer</a> from kdp520_i2c.o(i._kdp520_i2c_xfer) referenced from kdp520_i2c.o(i._kdp520_i2c_probe)
 <LI><a href="#[68]">_kl520_fdfr_drawing_timer_cb</a> from kl520_api_fdfr.o(i._kl520_fdfr_drawing_timer_cb) referenced from kl520_api_fdfr.o(i._kl520_fdfr_drawing_timer_create)
 <LI><a href="#[66]">_sputc</a> from printfa.o(i._sputc) referenced from printfa.o(i.__0sprintf)
 <LI><a href="#[66]">_sputc</a> from printfa.o(i._sputc) referenced from printfa.o(i.__0vsprintf)
 <LI><a href="#[79]">_tasks_init_cameras_thread</a> from kl520_api_fdfr.o(i._tasks_init_cameras_thread) referenced from kl520_api_fdfr.o(i.kl520_api_tasks_init)
 <LI><a href="#[7b]">_tasks_init_flash_load_thread_each</a> from kl520_api_fdfr.o(i._tasks_init_flash_load_thread_each) referenced from kl520_api_fdfr.o(i.kl520_api_tasks_init)
 <LI><a href="#[7a]">_tasks_init_models_thread</a> from kl520_api_fdfr.o(i._tasks_init_models_thread) referenced from kl520_api_fdfr.o(i.kl520_api_tasks_init)
 <LI><a href="#[69]">_user_com_fdfr_thread</a> from kdp_comm_and_gui_fdr.o(i._user_com_fdfr_thread) referenced from kdp_comm_and_gui_fdr.o(i.init_user_com_thread)
 <LI><a href="#[78]">api_fdfr_thread</a> from kl520_api_fdfr.o(i.api_fdfr_thread) referenced from kl520_api_fdfr.o(i.kl520_api_fdfr_init_thrd)
 <LI><a href="#[6a]">camera_isr_0</a> from kdp_camera_kl520.o(i.camera_isr_0) referenced from kdp_camera_kl520.o(i.kdp_camera_kl520_init)
 <LI><a href="#[6b]">camera_isr_1</a> from kdp_camera_kl520.o(i.camera_isr_1) referenced from kdp_camera_kl520.o(i.kdp_camera_kl520_init)
 <LI><a href="#[a2]">fdfr_update_fr_thread</a> from kl520_api_fdfr.o(i.fdfr_update_fr_thread) referenced from kl520_api_fdfr.o(i.fdfr_update_fr_entry)
 <LI><a href="#[21]">kdp520_cam_buffer_init</a> from kdp_camera_kl520.o(i.kdp520_cam_buffer_init) referenced 2 times from kdp_camera_kl520.o(.data)
 <LI><a href="#[1e]">kdp520_cam_close</a> from kdp_camera_kl520.o(i.kdp520_cam_close) referenced 2 times from kdp_camera_kl520.o(.data)
 <LI><a href="#[20]">kdp520_cam_get_format</a> from kdp_camera_kl520.o(i.kdp520_cam_get_format) referenced 2 times from kdp_camera_kl520.o(.data)
 <LI><a href="#[27]">kdp520_cam_get_lux</a> from kdp_camera_kl520.o(i.kdp520_cam_get_lux) referenced 2 times from kdp_camera_kl520.o(.data)
 <LI><a href="#[1d]">kdp520_cam_open</a> from kdp_camera_kl520.o(i.kdp520_cam_open) referenced 2 times from kdp_camera_kl520.o(.data)
 <LI><a href="#[24]">kdp520_cam_query_capability</a> from kdp_camera_kl520.o(i.kdp520_cam_query_capability) referenced 2 times from kdp_camera_kl520.o(.data)
 <LI><a href="#[28]">kdp520_cam_set_aec_roi</a> from kdp_camera_kl520.o(i.kdp520_cam_set_aec_roi) referenced 2 times from kdp_camera_kl520.o(.data)
 <LI><a href="#[26]">kdp520_cam_set_exp_time</a> from kdp_camera_kl520.o(i.kdp520_cam_set_exp_time) referenced 2 times from kdp_camera_kl520.o(.data)
 <LI><a href="#[2a]">kdp520_cam_set_flip</a> from kdp_camera_kl520.o(i.kdp520_cam_set_flip) referenced 2 times from kdp_camera_kl520.o(.data)
 <LI><a href="#[1f]">kdp520_cam_set_format</a> from kdp_camera_kl520.o(i.kdp520_cam_set_format) referenced 2 times from kdp_camera_kl520.o(.data)
 <LI><a href="#[2d]">kdp520_cam_set_fps</a> from kdp_camera_kl520.o(i.kdp520_cam_set_fps) referenced 2 times from kdp_camera_kl520.o(.data)
 <LI><a href="#[25]">kdp520_cam_set_gain</a> from kdp_camera_kl520.o(i.kdp520_cam_set_gain) referenced 2 times from kdp_camera_kl520.o(.data)
 <LI><a href="#[2b]">kdp520_cam_set_led</a> from kdp_camera_kl520.o(i.kdp520_cam_set_led) referenced 2 times from kdp_camera_kl520.o(.data)
 <LI><a href="#[29]">kdp520_cam_set_mirror</a> from kdp_camera_kl520.o(i.kdp520_cam_set_mirror) referenced 2 times from kdp_camera_kl520.o(.data)
 <LI><a href="#[2f]">kdp520_cam_sleep</a> from kdp_camera_kl520.o(i.kdp520_cam_sleep) referenced 2 times from kdp_camera_kl520.o(.data)
 <LI><a href="#[22]">kdp520_cam_start_capture</a> from kdp_camera_kl520.o(i.kdp520_cam_start_capture) referenced 2 times from kdp_camera_kl520.o(.data)
 <LI><a href="#[23]">kdp520_cam_stop_capture</a> from kdp_camera_kl520.o(i.kdp520_cam_stop_capture) referenced 2 times from kdp_camera_kl520.o(.data)
 <LI><a href="#[2c]">kdp520_get_device_id</a> from kdp_camera_kl520.o(i.kdp520_get_device_id) referenced 2 times from kdp_camera_kl520.o(.data)
 <LI><a href="#[30]">kdp520_get_tile_en</a> from kdp_camera_kl520.o(i.kdp520_get_tile_en) referenced 2 times from kdp_camera_kl520.o(.data)
 <LI><a href="#[2e]">kdp520_set_aec_en</a> from kdp_camera_kl520.o(i.kdp520_set_aec_en) referenced 2 times from kdp_camera_kl520.o(.data)
 <LI><a href="#[3f]">kdp520_spi_initialize</a> from kdp520_spi.o(i.kdp520_spi_initialize) referenced 2 times from w25q256jv.o(.data)
 <LI><a href="#[e]">kdp520_virtual_dp_attach_panel</a> from kdp520_virtual_dp.o(i.kdp520_virtual_dp_attach_panel) referenced 2 times from kdp520_virtual_dp.o(.data)
 <LI><a href="#[1b]">kdp520_virtual_dp_draw_bitmap</a> from kdp520_virtual_dp.o(i.kdp520_virtual_dp_draw_bitmap) referenced 2 times from kdp520_virtual_dp.o(.data)
 <LI><a href="#[19]">kdp520_virtual_dp_draw_line</a> from kdp520_virtual_dp.o(i.kdp520_virtual_dp_draw_line) referenced 2 times from kdp520_virtual_dp.o(.data)
 <LI><a href="#[18]">kdp520_virtual_dp_draw_rect</a> from kdp520_virtual_dp.o(i.kdp520_virtual_dp_draw_rect) referenced 2 times from kdp520_virtual_dp.o(.data)
 <LI><a href="#[1a]">kdp520_virtual_dp_fill_rect</a> from kdp520_virtual_dp.o(i.kdp520_virtual_dp_fill_rect) referenced 2 times from kdp520_virtual_dp.o(.data)
 <LI><a href="#[1c]">kdp520_virtual_dp_fresh</a> from kdp520_virtual_dp.o(i.kdp520_virtual_dp_fresh) referenced 2 times from kdp520_virtual_dp.o(.data)
 <LI><a href="#[12]">kdp520_virtual_dp_get_buffer_addr</a> from kdp520_virtual_dp.o(i.kdp520_virtual_dp_get_buffer_addr) referenced 2 times from kdp520_virtual_dp.o(.data)
 <LI><a href="#[10]">kdp520_virtual_dp_get_params</a> from kdp520_virtual_dp.o(i.kdp520_virtual_dp_get_params) referenced 2 times from kdp520_virtual_dp.o(.data)
 <LI><a href="#[13]">kdp520_virtual_dp_init</a> from kdp520_virtual_dp.o(i.kdp520_virtual_dp_init) referenced 2 times from kdp520_virtual_dp.o(.data)
 <LI><a href="#[11]">kdp520_virtual_dp_set_camera</a> from kdp520_virtual_dp.o(i.kdp520_virtual_dp_set_camera) referenced 2 times from kdp520_virtual_dp.o(.data)
 <LI><a href="#[f]">kdp520_virtual_dp_set_params</a> from kdp520_virtual_dp.o(i.kdp520_virtual_dp_set_params) referenced 2 times from kdp520_virtual_dp.o(.data)
 <LI><a href="#[17]">kdp520_virtual_dp_set_pen</a> from kdp520_virtual_dp.o(i.kdp520_virtual_dp_set_pen) referenced 2 times from kdp520_virtual_dp.o(.data)
 <LI><a href="#[16]">kdp520_virtual_dp_set_source</a> from kdp520_virtual_dp.o(i.kdp520_virtual_dp_set_source) referenced 2 times from kdp520_virtual_dp.o(.data)
 <LI><a href="#[14]">kdp520_virtual_dp_start</a> from kdp520_virtual_dp.o(i.kdp520_virtual_dp_start) referenced 2 times from kdp520_virtual_dp.o(.data)
 <LI><a href="#[15]">kdp520_virtual_dp_stop</a> from kdp520_virtual_dp.o(i.kdp520_virtual_dp_stop) referenced 2 times from kdp520_virtual_dp.o(.data)
 <LI><a href="#[a1]">kl520_com_thread</a> from kdp_comm.o(i.kl520_com_thread) referenced from ota.o(i.Drv_OTA_Thread)
 <LI><a href="#[b4]">kmdw_model_ipc_handler</a> from kdp_model.o(i.kmdw_model_ipc_handler) referenced from kdp_model.o(i.kdp_ipc_init)
 <LI><a href="#[4c]">kneron_lwcom_packet_analyze</a> from kdp_comm.o(i.kneron_lwcom_packet_analyze) referenced 2 times from kdp_comm_and_gui_fdr.o(.data)
 <LI><a href="#[63]">main</a> from main.o(i.main) referenced from entry9a.o(.ARM.Collect$$$$0000000B)
 <LI><a href="#[9d]">nir_camera_power_off</a> from user_io.o(i.nir_camera_power_off) referenced from user_io.o(i.user_io_init)
 <LI><a href="#[9e]">nir_camera_power_on</a> from user_io.o(i.nir_camera_power_on) referenced from user_io.o(i.user_io_init)
 <LI><a href="#[98]">nir_led_close</a> from user_io.o(i.nir_led_close) referenced from user_io.o(i.user_io_init)
 <LI><a href="#[99]">nir_led_open</a> from user_io.o(i.nir_led_open) referenced from user_io.o(i.user_io_init)
 <LI><a href="#[43]">norflash_4k_erase</a> from w25q256jv.o(i.norflash_4k_erase) referenced 2 times from w25q256jv.o(.data)
 <LI><a href="#[44]">norflash_64k_erase</a> from w25q256jv.o(i.norflash_64k_erase) referenced 2 times from w25q256jv.o(.data)
 <LI><a href="#[45]">norflash_chip_erase</a> from w25q256jv.o(i.norflash_chip_erase) referenced 2 times from w25q256jv.o(.data)
 <LI><a href="#[42]">norflash_erase_multi_sector</a> from w25q256jv.o(i.norflash_erase_multi_sector) referenced 2 times from w25q256jv.o(.data)
 <LI><a href="#[46]">norflash_get_info</a> from w25q256jv.o(i.norflash_get_info) referenced 2 times from w25q256jv.o(.data)
 <LI><a href="#[48]">norflash_get_status</a> from w25q256jv.o(i.norflash_get_status) referenced 2 times from w25q256jv.o(.data)
 <LI><a href="#[47]">norflash_id</a> from w25q256jv.o(i.norflash_id) referenced 2 times from w25q256jv.o(.data)
 <LI><a href="#[40]">norflash_program</a> from w25q256jv.o(i.norflash_program) referenced 2 times from w25q256jv.o(.data)
 <LI><a href="#[41]">norflash_read</a> from w25q256jv.o(i.norflash_read) referenced 2 times from w25q256jv.o(.data)
 <LI><a href="#[49]">norflash_set_protect_bypass</a> from w25q256jv.o(i.norflash_set_protect_bypass) referenced 2 times from w25q256jv.o(.data)
 <LI><a href="#[92]">osRtxEventFlagsPostProcess</a> from rtx_evflags.o(i.osRtxEventFlagsPostProcess) referenced from rtx_evflags.o(i.svcRtxEventFlagsNew)
 <LI><a href="#[85]">osRtxIdleThread</a> from rtx_config.o(i.osRtxIdleThread) referenced from rtx_thread.o(i.osRtxThreadStartup)
 <LI><a href="#[93]">osRtxMessageQueuePostProcess</a> from rtx_msgqueue.o(i.osRtxMessageQueuePostProcess) referenced from rtx_msgqueue.o(i.svcRtxMessageQueueNew)
 <LI><a href="#[94]">osRtxSemaphorePostProcess</a> from rtx_semaphore.o(i.osRtxSemaphorePostProcess) referenced from rtx_semaphore.o(i.svcRtxSemaphoreNew)
 <LI><a href="#[96]">osRtxThreadPostProcess</a> from rtx_thread.o(i.osRtxThreadPostProcess) referenced from rtx_thread.o(i.svcRtxThreadNew)
 <LI><a href="#[b7]">osRtxTimerSetup</a> from rtx_timer.o(i.osRtxTimerSetup) referenced from rtx_lib.o(.rodata)
 <LI><a href="#[b6]">osRtxTimerThread</a> from rtx_timer.o(i.osRtxTimerThread) referenced from rtx_lib.o(.rodata)
 <LI><a href="#[a9]">osRtxTimerTick</a> from rtx_timer.o(i.osRtxTimerTick) referenced from rtx_timer.o(i.osRtxTimerSetup)
 <LI><a href="#[95]">osThreadExit</a> from rtx_thread.o(i.osThreadExit) referenced from rtx_thread.o(i.svcRtxThreadNew)
 <LI><a href="#[4b]">ota_update_deep_sleep</a> from ota_update.o(i.ota_update_deep_sleep) referenced 2 times from ota_update.o(.data)
 <LI><a href="#[4a]">ota_update_sleep</a> from ota_update.o(i.ota_update_sleep) referenced 2 times from ota_update.o(.data)
 <LI><a href="#[8c]">power_manager_thread</a> from power_manager.o(i.power_manager_thread) referenced from power_manager.o(i.power_manager_init)
 <LI><a href="#[9f]">rgb_camera_power_off</a> from user_io.o(i.rgb_camera_power_off) referenced from user_io.o(i.user_io_init)
 <LI><a href="#[a0]">rgb_camera_power_on</a> from user_io.o(i.rgb_camera_power_on) referenced from user_io.o(i.user_io_init)
 <LI><a href="#[9a]">rgb_led_close</a> from user_io.o(i.rgb_led_close) referenced from user_io.o(i.user_io_init)
 <LI><a href="#[9b]">rgb_led_open</a> from user_io.o(i.rgb_led_open) referenced from user_io.o(i.user_io_init)
 <LI><a href="#[8f]">scpu_bus_fault</a> from power_manager.o(i.scpu_bus_fault) referenced from power_manager.o(i.power_manager_init)
 <LI><a href="#[8d]">scpu_hard_fault</a> from power_manager.o(i.scpu_hard_fault) referenced from power_manager.o(i.power_manager_init)
 <LI><a href="#[8e]">scpu_mem_mnmt</a> from power_manager.o(i.scpu_mem_mnmt) referenced from power_manager.o(i.power_manager_init)
 <LI><a href="#[90]">scpu_usage_fault</a> from power_manager.o(i.scpu_usage_fault) referenced from power_manager.o(i.power_manager_init)
 <LI><a href="#[91]">scpu_wait_reset</a> from power_manager.o(i.scpu_wait_reset) referenced from power_manager.o(i.scpu_hard_fault)
 <LI><a href="#[91]">scpu_wait_reset</a> from power_manager.o(i.scpu_wait_reset) referenced from power_manager.o(i.scpu_mem_mnmt)
 <LI><a href="#[39]">sp2509_l_sensor_get_id</a> from sp2509.o(i.sp2509_l_sensor_get_id) referenced 2 times from sp2509.o(.data)
 <LI><a href="#[38]">sp2509_l_sensor_set_exp_time</a> from sp2509.o(i.sp2509_l_sensor_set_exp_time) referenced 2 times from sp2509.o(.data)
 <LI><a href="#[36]">sp2509_l_sensor_set_fmt</a> from sp2509.o(i.sp2509_l_sensor_set_fmt) referenced 2 times from sp2509.o(.data)
 <LI><a href="#[37]">sp2509_l_sensor_set_gain</a> from sp2509.o(i.sp2509_l_sensor_set_gain) referenced 2 times from sp2509.o(.data)
 <LI><a href="#[35]">sp2509_r_sensor_get_id</a> from sp2509.o(i.sp2509_r_sensor_get_id) referenced 2 times from sp2509.o(.data)
 <LI><a href="#[34]">sp2509_r_sensor_set_exp_time</a> from sp2509.o(i.sp2509_r_sensor_set_exp_time) referenced 2 times from sp2509.o(.data)
 <LI><a href="#[32]">sp2509_r_sensor_set_fmt</a> from sp2509.o(i.sp2509_r_sensor_set_fmt) referenced 2 times from sp2509.o(.data)
 <LI><a href="#[33]">sp2509_r_sensor_set_gain</a> from sp2509.o(i.sp2509_r_sensor_set_gain) referenced 2 times from sp2509.o(.data)
 <LI><a href="#[31]">sp2509_sensor_enum_fmt</a> from sp2509.o(i.sp2509_sensor_enum_fmt) referenced 4 times from sp2509.o(.data)
 <LI><a href="#[7c]">svcRtxDelay</a> from rtx_delay.o(i.svcRtxDelay) referenced from rtx_delay.o(i.osDelay)
 <LI><a href="#[a3]">svcRtxEventFlagsClear</a> from rtx_evflags.o(i.svcRtxEventFlagsClear) referenced from rtx_evflags.o(i.osEventFlagsClear)
 <LI><a href="#[a4]">svcRtxEventFlagsNew</a> from rtx_evflags.o(i.svcRtxEventFlagsNew) referenced from rtx_evflags.o(i.osEventFlagsNew)
 <LI><a href="#[7d]">svcRtxEventFlagsSet</a> from rtx_evflags.o(i.svcRtxEventFlagsSet) referenced from rtx_evflags.o(i.osEventFlagsSet)
 <LI><a href="#[7e]">svcRtxEventFlagsWait</a> from rtx_evflags.o(i.svcRtxEventFlagsWait) referenced from rtx_evflags.o(i.osEventFlagsWait)
 <LI><a href="#[7f]">svcRtxKernelGetInfo</a> from rtx_kernel.o(i.svcRtxKernelGetInfo) referenced from rtx_kernel.o(i.osKernelGetInfo)
 <LI><a href="#[80]">svcRtxKernelGetState</a> from rtx_kernel.o(i.svcRtxKernelGetState) referenced from rtx_kernel.o(i.osKernelGetState)
 <LI><a href="#[a5]">svcRtxKernelGetTickCount</a> from rtx_kernel.o(i.svcRtxKernelGetTickCount) referenced from rtx_kernel.o(i.osKernelGetTickCount)
 <LI><a href="#[a6]">svcRtxKernelInitialize</a> from rtx_kernel.o(i.svcRtxKernelInitialize) referenced from rtx_kernel.o(i.osKernelInitialize)
 <LI><a href="#[81]">svcRtxKernelStart</a> from rtx_kernel.o(i.svcRtxKernelStart) referenced from rtx_kernel.o(i.osKernelStart)
 <LI><a href="#[82]">svcRtxMessageQueueGet</a> from rtx_msgqueue.o(i.svcRtxMessageQueueGet) referenced from rtx_msgqueue.o(i.osMessageQueueGet)
 <LI><a href="#[83]">svcRtxMessageQueuePut</a> from rtx_msgqueue.o(i.svcRtxMessageQueuePut) referenced from rtx_msgqueue.o(i.osMessageQueuePut)
 <LI><a href="#[84]">svcRtxMutexAcquire</a> from rtx_mutex.o(i.svcRtxMutexAcquire) referenced from rtx_mutex.o(i.osMutexAcquire)
 <LI><a href="#[a7]">svcRtxMutexNew</a> from rtx_mutex.o(i.svcRtxMutexNew) referenced from rtx_mutex.o(i.osMutexNew)
 <LI><a href="#[a8]">svcRtxMutexRelease</a> from rtx_mutex.o(i.svcRtxMutexRelease) referenced from rtx_mutex.o(i.osMutexRelease)
 <LI><a href="#[86]">svcRtxSemaphoreAcquire</a> from rtx_semaphore.o(i.svcRtxSemaphoreAcquire) referenced from rtx_semaphore.o(i.osSemaphoreAcquire)
 <LI><a href="#[aa]">svcRtxSemaphoreNew</a> from rtx_semaphore.o(i.svcRtxSemaphoreNew) referenced from rtx_semaphore.o(i.osSemaphoreNew)
 <LI><a href="#[87]">svcRtxSemaphoreRelease</a> from rtx_semaphore.o(i.svcRtxSemaphoreRelease) referenced from rtx_semaphore.o(i.osSemaphoreRelease)
 <LI><a href="#[b5]">svcRtxThreadExit</a> from rtx_thread.o(i.svcRtxThreadExit) referenced from rtx_thread.o(i.osThreadExit)
 <LI><a href="#[ab]">svcRtxThreadFlagsClear</a> from rtx_thread.o(i.svcRtxThreadFlagsClear) referenced from rtx_thread.o(i.osThreadFlagsClear)
 <LI><a href="#[88]">svcRtxThreadFlagsGet</a> from rtx_thread.o(i.svcRtxThreadFlagsGet) referenced from rtx_thread.o(i.osThreadFlagsGet)
 <LI><a href="#[89]">svcRtxThreadFlagsSet</a> from rtx_thread.o(i.svcRtxThreadFlagsSet) referenced from rtx_thread.o(i.osThreadFlagsSet)
 <LI><a href="#[ac]">svcRtxThreadFlagsWait</a> from rtx_thread.o(i.svcRtxThreadFlagsWait) referenced from rtx_thread.o(i.osThreadFlagsWait)
 <LI><a href="#[ad]">svcRtxThreadGetId</a> from rtx_thread.o(i.svcRtxThreadGetId) referenced from rtx_thread.o(i.osThreadGetId)
 <LI><a href="#[ae]">svcRtxThreadGetPriority</a> from rtx_thread.o(i.svcRtxThreadGetPriority) referenced from rtx_thread.o(i.osThreadGetPriority)
 <LI><a href="#[8a]">svcRtxThreadNew</a> from rtx_thread.o(i.svcRtxThreadNew) referenced from rtx_thread.o(i.osThreadNew)
 <LI><a href="#[af]">svcRtxThreadSetPriority</a> from rtx_thread.o(i.svcRtxThreadSetPriority) referenced from rtx_thread.o(i.osThreadSetPriority)
 <LI><a href="#[8b]">svcRtxTimerDelete</a> from rtx_timer.o(i.svcRtxTimerDelete) referenced from rtx_timer.o(i.osTimerDelete)
 <LI><a href="#[b0]">svcRtxTimerIsRunning</a> from rtx_timer.o(i.svcRtxTimerIsRunning) referenced from rtx_timer.o(i.osTimerIsRunning)
 <LI><a href="#[b1]">svcRtxTimerNew</a> from rtx_timer.o(i.svcRtxTimerNew) referenced from rtx_timer.o(i.osTimerNew)
 <LI><a href="#[b2]">svcRtxTimerStart</a> from rtx_timer.o(i.svcRtxTimerStart) referenced from rtx_timer.o(i.osTimerStart)
 <LI><a href="#[b3]">svcRtxTimerStop</a> from rtx_timer.o(i.svcRtxTimerStop) referenced from rtx_timer.o(i.osTimerStop)
 <LI><a href="#[97]">system_isr</a> from system.o(i.system_isr) referenced from system.o(i.system_init)
 <LI><a href="#[9c]">user_io_light_sensor_get</a> from user_io.o(i.user_io_light_sensor_get) referenced from user_io.o(i.user_io_init)
 <LI><a href="#[4d]">user_lwcom_parser</a> from kdp_comm_and_gui_fdr.o(i.user_lwcom_parser) referenced 2 times from kdp_comm_and_gui_fdr.o(.data)
 <LI><a href="#[3b]">virtual_dp_clear</a> from virtual_dp.o(i.virtual_dp_clear) referenced 2 times from virtual_dp.o(.data)
 <LI><a href="#[3a]">virtual_dp_init</a> from virtual_dp.o(i.virtual_dp_init) referenced 2 times from virtual_dp.o(.data)
 <LI><a href="#[3e]">virtual_dp_preproc_nir</a> from virtual_dp.o(i.virtual_dp_preproc_nir) referenced 2 times from virtual_dp.o(.data)
 <LI><a href="#[3d]">virtual_dp_preproc_rgb</a> from virtual_dp.o(i.virtual_dp_preproc_rgb) referenced 2 times from virtual_dp.o(.data)
 <LI><a href="#[3c]">virtual_dp_read_display_id</a> from virtual_dp.o(i.virtual_dp_read_display_id) referenced 2 times from virtual_dp.o(.data)
</UL>
<P>
<H3>
Global Symbols
</H3>
<P><STRONG><a name="[48c]"></a>DSM_Uart_Get_Cur_Part</STRONG> (Thumb, 34 bytes, Stack size 16 bytes, kdp_comm_app.o(i.DSM_Uart_Get_Cur_Part))
<BR><BR>[Stack]<UL><LI>Max Depth = 148<LI>Call Chain = DSM_Uart_Get_Cur_Part &rArr; kdp_level_printf &rArr; kdp_uart_write &rArr; kdp_uart_control &rArr; kdp_serial_init
</UL>
<BR>[Calls]<UL><LI><a href="#[d7]">&gt;&gt;</a>&nbsp;&nbsp;&nbsp;kdp_level_printf
<LI><a href="#[112]">&gt;&gt;</a>&nbsp;&nbsp;&nbsp;ota_get_scpu_flag_status
</UL>
<BR>[Called By]<UL><LI><a href="#[4d]">&gt;&gt;</a>&nbsp;&nbsp;&nbsp;user_lwcom_parser
</UL>

<P><STRONG><a name="[47d]"></a>DSM_Uart_Get_Version_Info_zhian</STRONG> (Thumb, 60 bytes, Stack size 56 bytes, kdp_comm_app.o(i.DSM_Uart_Get_Version_Info_zhian))
<BR><BR>[Stack]<UL><LI>Max Depth = 80<LI>Call Chain = DSM_Uart_Get_Version_Info_zhian &rArr; __2sprintf
</UL>
<BR>[Calls]<UL><LI><a href="#[ea]">&gt;&gt;</a>&nbsp;&nbsp;&nbsp;kl520_api_get_scpu_version
<LI><a href="#[f4]">&gt;&gt;</a>&nbsp;&nbsp;&nbsp;__2sprintf
<LI><a href="#[e2]">&gt;&gt;</a>&nbsp;&nbsp;&nbsp;__aeabi_memclr4
<LI><a href="#[e6]">&gt;&gt;</a>&nbsp;&nbsp;&nbsp;__aeabi_memcpy
</UL>
<BR>[Called By]<UL><LI><a href="#[4d]">&gt;&gt;</a>&nbsp;&nbsp;&nbsp;user_lwcom_parser
</UL>

<P><STRONG><a name="[488]"></a>DSM_Uart_SnapImage</STRONG> (Thumb, 54 bytes, Stack size 8 bytes, kdp_comm_app.o(i.DSM_Uart_SnapImage))
<BR><BR>[Stack]<UL><LI>Max Depth = 8<LI>Call Chain = DSM_Uart_SnapImage
</UL>
<BR>[Called By]<UL><LI><a href="#[4d]">&gt;&gt;</a>&nbsp;&nbsp;&nbsp;user_lwcom_parser
</UL>

<P><STRONG><a name="[194]"></a>DSM_Uart_StopOta</STRONG> (Thumb, 36 bytes, Stack size 0 bytes, kdp_comm_app.o(i.DSM_Uart_StopOta))
<BR><BR>[Called By]<UL><LI><a href="#[4d]">&gt;&gt;</a>&nbsp;&nbsp;&nbsp;user_lwcom_parser
<LI><a href="#[192]">&gt;&gt;</a>&nbsp;&nbsp;&nbsp;_handle_user_com_event_ota_process
</UL>

<P><STRONG><a name="[4d1]"></a>DecBytes</STRONG> (Thumb, 42 bytes, Stack size 20 bytes, kdp_comm_aes.o(i.DecBytes))
<BR><BR>[Stack]<UL><LI>Max Depth = 20<LI>Call Chain = DecBytes
</UL>
<BR>[Called By]<UL><LI><a href="#[371]">&gt;&gt;</a>&nbsp;&nbsp;&nbsp;PkgDecrypt
</UL>

<P><STRONG><a name="[4ba]"></a>Drv_OTA_Thread</STRONG> (Thumb, 38 bytes, Stack size 40 bytes, ota.o(i.Drv_OTA_Thread))
<BR><BR>[Stack]<UL><LI>Max Depth = 252<LI>Call Chain = Drv_OTA_Thread &rArr; kl520_com_init &rArr; kdp_uart_app_com &rArr; kdp_uart_open &rArr; kdp_level_printf &rArr; kdp_uart_write &rArr; kdp_uart_control &rArr; kdp_serial_init
</UL>
<BR>[Calls]<UL><LI><a href="#[251]">&gt;&gt;</a>&nbsp;&nbsp;&nbsp;osThreadNew
<LI><a href="#[367]">&gt;&gt;</a>&nbsp;&nbsp;&nbsp;kl520_com_init
<LI><a href="#[fc]">&gt;&gt;</a>&nbsp;&nbsp;&nbsp;__aeabi_memcpy4
</UL>
<BR>[Called By]<UL><LI><a href="#[37e]">&gt;&gt;</a>&nbsp;&nbsp;&nbsp;kl520_com_bus_init
</UL>

<P><STRONG><a name="[129]"></a>MD5Encode</STRONG> (Thumb, 50 bytes, Stack size 16 bytes, kdp_comm_md5.o(i.MD5Encode))
<BR><BR>[Stack]<UL><LI>Max Depth = 16<LI>Call Chain = MD5Encode
</UL>
<BR>[Called By]<UL><LI><a href="#[128]">&gt;&gt;</a>&nbsp;&nbsp;&nbsp;MD5Final
</UL>

<P><STRONG><a name="[447]"></a>OS_Tick_Enable</STRONG> (Thumb, 32 bytes, Stack size 0 bytes, os_systick.o(i.OS_Tick_Enable))
<BR><BR>[Called By]<UL><LI><a href="#[81]">&gt;&gt;</a>&nbsp;&nbsp;&nbsp;svcRtxKernelStart
</UL>

<P><STRONG><a name="[70]"></a>PWMTMR4_IRQHandler</STRONG> (Thumb, 26 bytes, Stack size 8 bytes, kdp520_pwm_timer.o(i.PWMTMR4_IRQHandler))
<BR><BR>[Stack]<UL><LI>Max Depth = 8<LI>Call Chain = PWMTMR4_IRQHandler
</UL>
<BR>[Calls]<UL><LI><a href="#[4cf]">&gt;&gt;</a>&nbsp;&nbsp;&nbsp;kl520_api_tmr4_user
<LI><a href="#[137]">&gt;&gt;</a>&nbsp;&nbsp;&nbsp;kdp_timer_int_clear
</UL>
<BR>[Address Reference Count : 1]<UL><LI> kdp520_pwm_timer.o(i.kdp_timer_init)
</UL>
<P><STRONG><a name="[72]"></a>PWMTMR6_IRQHandler</STRONG> (Thumb, 26 bytes, Stack size 8 bytes, kdp520_pwm_timer.o(i.PWMTMR6_IRQHandler))
<BR><BR>[Stack]<UL><LI>Max Depth = 8<LI>Call Chain = PWMTMR6_IRQHandler
</UL>
<BR>[Calls]<UL><LI><a href="#[4d0]">&gt;&gt;</a>&nbsp;&nbsp;&nbsp;kl520_api_tmr6_user
<LI><a href="#[137]">&gt;&gt;</a>&nbsp;&nbsp;&nbsp;kdp_timer_int_clear
</UL>
<BR>[Address Reference Count : 1]<UL><LI> kdp520_pwm_timer.o(i.kdp_timer_init)
</UL>
<P><STRONG><a name="[371]"></a>PkgDecrypt</STRONG> (Thumb, 42 bytes, Stack size 16 bytes, kdp_comm_protoco.o(i.PkgDecrypt))
<BR><BR>[Stack]<UL><LI>Max Depth = 612<LI>Call Chain = PkgDecrypt &rArr; aesDecrypt &rArr; keyExpansion &rArr; kdp_level_printf &rArr; kdp_uart_write &rArr; kdp_uart_control &rArr; kdp_serial_init
</UL>
<BR>[Calls]<UL><LI><a href="#[1f3]">&gt;&gt;</a>&nbsp;&nbsp;&nbsp;aesDecrypt
<LI><a href="#[4d1]">&gt;&gt;</a>&nbsp;&nbsp;&nbsp;DecBytes
</UL>
<BR>[Called By]<UL><LI><a href="#[4c]">&gt;&gt;</a>&nbsp;&nbsp;&nbsp;kneron_lwcom_packet_analyze
</UL>

<P><STRONG><a name="[4d4]"></a>SetClkSource</STRONG> (Thumb, 54 bytes, Stack size 0 bytes, kdp520_tmr.o(i.SetClkSource))
<BR><BR>[Called By]<UL><LI><a href="#[13f]">&gt;&gt;</a>&nbsp;&nbsp;&nbsp;Timer_IOCtrl
</UL>

<P><STRONG><a name="[4d3]"></a>SetTick</STRONG> (Thumb, 22 bytes, Stack size 0 bytes, kdp520_tmr.o(i.SetTick))
<BR><BR>[Called By]<UL><LI><a href="#[13f]">&gt;&gt;</a>&nbsp;&nbsp;&nbsp;Timer_IOCtrl
</UL>

<P><STRONG><a name="[46e]"></a>SysWaitDelayTime</STRONG> (Thumb, 30 bytes, Stack size 8 bytes, kdp_comm_app.o(i.SysWaitDelayTime))
<BR><BR>[Stack]<UL><LI>Max Depth = 24<LI>Call Chain = SysWaitDelayTime &rArr; osKernelGetTickCount &rArr; svcRtxKernelGetTickCount
</UL>
<BR>[Calls]<UL><LI><a href="#[15d]">&gt;&gt;</a>&nbsp;&nbsp;&nbsp;osKernelGetTickCount
<LI><a href="#[d9]">&gt;&gt;</a>&nbsp;&nbsp;&nbsp;osDelay
</UL>
<BR>[Called By]<UL><LI><a href="#[1ec]">&gt;&gt;</a>&nbsp;&nbsp;&nbsp;uart_face_recognition_timeout
<LI><a href="#[184]">&gt;&gt;</a>&nbsp;&nbsp;&nbsp;uart_face_add_timeout
<LI><a href="#[4d]">&gt;&gt;</a>&nbsp;&nbsp;&nbsp;user_lwcom_parser
</UL>

<P><STRONG><a name="[13f]"></a>Timer_IOCtrl</STRONG> (Thumb, 58 bytes, Stack size 4 bytes, kdp520_tmr.o(i.Timer_IOCtrl))
<BR><BR>[Stack]<UL><LI>Max Depth = 8<LI>Call Chain = Timer_IOCtrl &rArr; ResetAllTimer
</UL>
<BR>[Calls]<UL><LI><a href="#[4d3]">&gt;&gt;</a>&nbsp;&nbsp;&nbsp;SetTick
<LI><a href="#[4d4]">&gt;&gt;</a>&nbsp;&nbsp;&nbsp;SetClkSource
<LI><a href="#[499]">&gt;&gt;</a>&nbsp;&nbsp;&nbsp;ResetAllTimer
<LI><a href="#[4d2]">&gt;&gt;</a>&nbsp;&nbsp;&nbsp;GetTick
</UL>
<BR>[Called By]<UL><LI><a href="#[13e]">&gt;&gt;</a>&nbsp;&nbsp;&nbsp;Timer_Init
</UL>

<P><STRONG><a name="[77]"></a>UART4_callback</STRONG> (Thumb, 26 bytes, Stack size 0 bytes, host_uart_com.o(i.UART4_callback))
<BR>[Address Reference Count : 1]<UL><LI> host_uart_com.o(i.kdp_uart_app_com)
</UL>
<P><STRONG><a name="[4d5]"></a>__0vsprintf</STRONG> (Thumb, 30 bytes, Stack size 24 bytes, printfa.o(i.__0vsprintf), UNUSED)
<BR><BR>[Calls]<UL><LI><a href="#[66]">&gt;&gt;</a>&nbsp;&nbsp;&nbsp;_sputc
<LI><a href="#[14c]">&gt;&gt;</a>&nbsp;&nbsp;&nbsp;_printf_core
</UL>

<P><STRONG><a name="[501]"></a>__1vsprintf</STRONG> (Thumb, 0 bytes, Stack size 24 bytes, printfa.o(i.__0vsprintf), UNUSED)

<P><STRONG><a name="[502]"></a>__2vsprintf</STRONG> (Thumb, 0 bytes, Stack size 24 bytes, printfa.o(i.__0vsprintf), UNUSED)

<P><STRONG><a name="[503]"></a>__c89vsprintf</STRONG> (Thumb, 0 bytes, Stack size 24 bytes, printfa.o(i.__0vsprintf), UNUSED)

<P><STRONG><a name="[2fc]"></a>vsprintf</STRONG> (Thumb, 0 bytes, Stack size 24 bytes, printfa.o(i.__0vsprintf))
<BR><BR>[Stack]<UL><LI>Max Depth = 24<LI>Call Chain = vsprintf
</UL>
<BR>[Called By]<UL><LI><a href="#[d7]">&gt;&gt;</a>&nbsp;&nbsp;&nbsp;kdp_level_printf
<LI><a href="#[101]">&gt;&gt;</a>&nbsp;&nbsp;&nbsp;kdp_printf_nocrlf
</UL>

<P><STRONG><a name="[169]"></a>_api_fdfr_chk_timeout</STRONG> (Thumb, 28 bytes, Stack size 16 bytes, kl520_api_fdfr.o(i._api_fdfr_chk_timeout))
<BR><BR>[Stack]<UL><LI>Max Depth = 16<LI>Call Chain = _api_fdfr_chk_timeout
</UL>
<BR>[Calls]<UL><LI><a href="#[4d6]">&gt;&gt;</a>&nbsp;&nbsp;&nbsp;kdp_current_t3_tick
</UL>
<BR>[Called By]<UL><LI><a href="#[209]">&gt;&gt;</a>&nbsp;&nbsp;&nbsp;api_fdfr_handle_face_liveness_event
<LI><a href="#[204]">&gt;&gt;</a>&nbsp;&nbsp;&nbsp;api_fdfr_handle_face_add_event
<LI><a href="#[166]">&gt;&gt;</a>&nbsp;&nbsp;&nbsp;_api_fdfr_handle_face_recog_error
</UL>

<P><STRONG><a name="[200]"></a>_api_fdfr_rst_timeout</STRONG> (Thumb, 20 bytes, Stack size 8 bytes, kl520_api_fdfr.o(i._api_fdfr_rst_timeout))
<BR><BR>[Stack]<UL><LI>Max Depth = 44<LI>Call Chain = _api_fdfr_rst_timeout &rArr; kl520_api_timer_init &rArr; kdp_timer_init &rArr; kdp_timer_ioctrl &rArr; kdp_timer_resetall
</UL>
<BR>[Calls]<UL><LI><a href="#[4b9]">&gt;&gt;</a>&nbsp;&nbsp;&nbsp;kl520_api_timer_init
<LI><a href="#[4d6]">&gt;&gt;</a>&nbsp;&nbsp;&nbsp;kdp_current_t3_tick
</UL>
<BR>[Called By]<UL><LI><a href="#[20a]">&gt;&gt;</a>&nbsp;&nbsp;&nbsp;api_fdfr_handle_face_open_event
<LI><a href="#[204]">&gt;&gt;</a>&nbsp;&nbsp;&nbsp;api_fdfr_handle_face_add_event
<LI><a href="#[1fe]">&gt;&gt;</a>&nbsp;&nbsp;&nbsp;api_fdfr_face_add_normal_face
</UL>

<P><STRONG><a name="[1cc]"></a>_decide_age_group_enable</STRONG> (Thumb, 48 bytes, Stack size 8 bytes, kl520_api_fdfr.o(i._decide_age_group_enable))
<BR><BR>[Stack]<UL><LI>Max Depth = 8<LI>Call Chain = _decide_age_group_enable
</UL>
<BR>[Calls]<UL><LI><a href="#[16a]">&gt;&gt;</a>&nbsp;&nbsp;&nbsp;kdp_e2e_prop_get_inst
</UL>
<BR>[Called By]<UL><LI><a href="#[1cb]">&gt;&gt;</a>&nbsp;&nbsp;&nbsp;_kl520_api_fdfr_only
</UL>

<P><STRONG><a name="[1cd]"></a>_decide_motion_detect_enable</STRONG> (Thumb, 46 bytes, Stack size 8 bytes, kl520_api_fdfr.o(i._decide_motion_detect_enable))
<BR><BR>[Stack]<UL><LI>Max Depth = 8<LI>Call Chain = _decide_motion_detect_enable
</UL>
<BR>[Calls]<UL><LI><a href="#[16a]">&gt;&gt;</a>&nbsp;&nbsp;&nbsp;kdp_e2e_prop_get_inst
</UL>
<BR>[Called By]<UL><LI><a href="#[1cb]">&gt;&gt;</a>&nbsp;&nbsp;&nbsp;_kl520_api_fdfr_only
</UL>

<P><STRONG><a name="[1cf]"></a>_decide_nir_aec_continuous_tune_enable</STRONG> (Thumb, 50 bytes, Stack size 8 bytes, kl520_api_fdfr.o(i._decide_nir_aec_continuous_tune_enable))
<BR><BR>[Stack]<UL><LI>Max Depth = 8<LI>Call Chain = _decide_nir_aec_continuous_tune_enable
</UL>
<BR>[Calls]<UL><LI><a href="#[16a]">&gt;&gt;</a>&nbsp;&nbsp;&nbsp;kdp_e2e_prop_get_inst
</UL>
<BR>[Called By]<UL><LI><a href="#[1cb]">&gt;&gt;</a>&nbsp;&nbsp;&nbsp;_kl520_api_fdfr_only
</UL>

<P><STRONG><a name="[1ce]"></a>_decide_nose_lm_diff_detect_enable</STRONG> (Thumb, 40 bytes, Stack size 8 bytes, kl520_api_fdfr.o(i._decide_nose_lm_diff_detect_enable))
<BR><BR>[Stack]<UL><LI>Max Depth = 8<LI>Call Chain = _decide_nose_lm_diff_detect_enable
</UL>
<BR>[Calls]<UL><LI><a href="#[16a]">&gt;&gt;</a>&nbsp;&nbsp;&nbsp;kdp_e2e_prop_get_inst
</UL>
<BR>[Called By]<UL><LI><a href="#[1cb]">&gt;&gt;</a>&nbsp;&nbsp;&nbsp;_kl520_api_fdfr_only
</UL>

<P><STRONG><a name="[1d0]"></a>_decide_rgb_led_when_reg_enable</STRONG> (Thumb, 24 bytes, Stack size 8 bytes, kl520_api_fdfr.o(i._decide_rgb_led_when_reg_enable))
<BR><BR>[Stack]<UL><LI>Max Depth = 8<LI>Call Chain = _decide_rgb_led_when_reg_enable
</UL>
<BR>[Calls]<UL><LI><a href="#[16a]">&gt;&gt;</a>&nbsp;&nbsp;&nbsp;kdp_e2e_prop_get_inst
</UL>
<BR>[Called By]<UL><LI><a href="#[1cb]">&gt;&gt;</a>&nbsp;&nbsp;&nbsp;_kl520_api_fdfr_only
</UL>

<P><STRONG><a name="[4e4]"></a>_set_timer_tick</STRONG> (Thumb, 26 bytes, Stack size 0 bytes, kdp520_pwm_timer.o(i._set_timer_tick))
<BR><BR>[Called By]<UL><LI><a href="#[31b]">&gt;&gt;</a>&nbsp;&nbsp;&nbsp;kdp_timer_ioctrl
</UL>

<P><STRONG><a name="[18b]"></a>_uart_face_del_some_users</STRONG> (Thumb, 70 bytes, Stack size 16 bytes, kdp_comm_app.o(i._uart_face_del_some_users))
<BR><BR>[Stack]<UL><LI>Max Depth = 324<LI>Call Chain = _uart_face_del_some_users &rArr; kl520_api_face_del &rArr; kl520_api_fdfr_model_init &rArr; kdp_e2e_face_init &rArr; kdp_e2e_config_image &rArr; kdp_app_get_pixel_size &rArr; kdp_level_printf &rArr; kdp_uart_write &rArr; kdp_uart_control &rArr; kdp_serial_init
</UL>
<BR>[Calls]<UL><LI><a href="#[22d]">&gt;&gt;</a>&nbsp;&nbsp;&nbsp;kdp_app_db_find_exist_id
<LI><a href="#[243]">&gt;&gt;</a>&nbsp;&nbsp;&nbsp;kl520_api_face_del
</UL>
<BR>[Called By]<UL><LI><a href="#[189]">&gt;&gt;</a>&nbsp;&nbsp;&nbsp;_handle_user_com_event_delete_user
</UL>

<P><STRONG><a name="[1f6]"></a>addRoundKey</STRONG> (Thumb, 62 bytes, Stack size 36 bytes, kdp_comm_aes.o(i.addRoundKey))
<BR><BR>[Stack]<UL><LI>Max Depth = 36<LI>Call Chain = addRoundKey
</UL>
<BR>[Called By]<UL><LI><a href="#[d4]">&gt;&gt;</a>&nbsp;&nbsp;&nbsp;aesEncrypt
<LI><a href="#[1f3]">&gt;&gt;</a>&nbsp;&nbsp;&nbsp;aesDecrypt
</UL>

<P><STRONG><a name="[260]"></a>calc_framesize</STRONG> (Thumb, 36 bytes, Stack size 0 bytes, media.o(i.calc_framesize))
<BR><BR>[Called By]<UL><LI><a href="#[f]">&gt;&gt;</a>&nbsp;&nbsp;&nbsp;kdp520_virtual_dp_set_params
</UL>

<P><STRONG><a name="[21f]"></a>ddr_wakeup</STRONG> (Thumb, 30 bytes, Stack size 8 bytes, ddr.o(i.ddr_wakeup))
<BR><BR>[Stack]<UL><LI>Max Depth = 8<LI>Call Chain = ddr_wakeup
</UL>
<BR>[Calls]<UL><LI><a href="#[d2]">&gt;&gt;</a>&nbsp;&nbsp;&nbsp;delay_us
</UL>
<BR>[Called By]<UL><LI><a href="#[21e]">&gt;&gt;</a>&nbsp;&nbsp;&nbsp;ddr_init
</UL>

<P><STRONG><a name="[398]"></a>delay_ms</STRONG> (Thumb, 32 bytes, Stack size 8 bytes, delay.o(i.delay_ms))
<BR><BR>[Stack]<UL><LI>Max Depth = 68<LI>Call Chain = delay_ms &rArr; delay_ms_enable &rArr; kdp_tmr_init &rArr; Timer_Init &rArr; Timer_SetIsr
</UL>
<BR>[Calls]<UL><LI><a href="#[4d7]">&gt;&gt;</a>&nbsp;&nbsp;&nbsp;GetCurrentT1Tick
<LI><a href="#[460]">&gt;&gt;</a>&nbsp;&nbsp;&nbsp;delay_ms_enable
</UL>
<BR>[Called By]<UL><LI><a href="#[46]">&gt;&gt;</a>&nbsp;&nbsp;&nbsp;norflash_get_info
</UL>

<P><STRONG><a name="[468]"></a>delay_ms_disable</STRONG> (Thumb, 24 bytes, Stack size 0 bytes, delay.o(i.delay_ms_disable))
<BR><BR>[Stack]<UL><LI>Max Depth = 4<LI>Call Chain = delay_ms_disable &rArr; Timer_Close
</UL>
<BR>[Calls]<UL><LI><a href="#[13c]">&gt;&gt;</a>&nbsp;&nbsp;&nbsp;Timer_Close
</UL>
<BR>[Called By]<UL><LI><a href="#[374]">&gt;&gt;</a>&nbsp;&nbsp;&nbsp;system_init
</UL>

<P><STRONG><a name="[460]"></a>delay_ms_enable</STRONG> (Thumb, 30 bytes, Stack size 8 bytes, delay.o(i.delay_ms_enable))
<BR><BR>[Stack]<UL><LI>Max Depth = 60<LI>Call Chain = delay_ms_enable &rArr; kdp_tmr_init &rArr; Timer_Init &rArr; Timer_SetIsr
</UL>
<BR>[Calls]<UL><LI><a href="#[31f]">&gt;&gt;</a>&nbsp;&nbsp;&nbsp;kdp_tmr_init
<LI><a href="#[143]">&gt;&gt;</a>&nbsp;&nbsp;&nbsp;Timer_IntEnable
</UL>
<BR>[Called By]<UL><LI><a href="#[398]">&gt;&gt;</a>&nbsp;&nbsp;&nbsp;delay_ms
<LI><a href="#[374]">&gt;&gt;</a>&nbsp;&nbsp;&nbsp;system_init
</UL>

<P><STRONG><a name="[227]"></a>drv_read_all_model_crc</STRONG> (Thumb, 30 bytes, Stack size 16 bytes, ota.o(i.drv_read_all_model_crc))
<BR><BR>[Stack]<UL><LI>Max Depth = 56<LI>Call Chain = drv_read_all_model_crc &rArr; kdp_memxfer_flash_to_ddr &rArr; osMutexRelease
</UL>
<BR>[Calls]<UL><LI><a href="#[1b0]">&gt;&gt;</a>&nbsp;&nbsp;&nbsp;kdp_memxfer_flash_to_ddr
<LI><a href="#[4d9]">&gt;&gt;</a>&nbsp;&nbsp;&nbsp;kdp_get_fwinfo_offset
<LI><a href="#[4d8]">&gt;&gt;</a>&nbsp;&nbsp;&nbsp;kdp_crc_offset_in_fwinfo
</UL>
<BR>[Called By]<UL><LI><a href="#[221]">&gt;&gt;</a>&nbsp;&nbsp;&nbsp;drv_flash_main
</UL>

<P><STRONG><a name="[16d]"></a>fdfr_update_fr_entry</STRONG> (Thumb, 42 bytes, Stack size 48 bytes, kl520_api_fdfr.o(i.fdfr_update_fr_entry))
<BR><BR>[Stack]<UL><LI>Max Depth = 64<LI>Call Chain = fdfr_update_fr_entry &rArr; osThreadNew
</UL>
<BR>[Calls]<UL><LI><a href="#[251]">&gt;&gt;</a>&nbsp;&nbsp;&nbsp;osThreadNew
<LI><a href="#[fc]">&gt;&gt;</a>&nbsp;&nbsp;&nbsp;__aeabi_memcpy4
</UL>
<BR>[Called By]<UL><LI><a href="#[16b]">&gt;&gt;</a>&nbsp;&nbsp;&nbsp;_api_fdfr_handle_fr_db_match
</UL>

<P><STRONG><a name="[173]"></a>get_mid</STRONG> (Thumb, 64 bytes, Stack size 0 bytes, kdp_e2e_camera.o(i.get_mid))
<BR><BR>[Called By]<UL><LI><a href="#[172]">&gt;&gt;</a>&nbsp;&nbsp;&nbsp;_calc_skin_value_lm
</UL>

<P><STRONG><a name="[1f8]"></a>invSubBytes</STRONG> (Thumb, 34 bytes, Stack size 12 bytes, kdp_comm_aes.o(i.invSubBytes))
<BR><BR>[Stack]<UL><LI>Max Depth = 12<LI>Call Chain = invSubBytes
</UL>
<BR>[Called By]<UL><LI><a href="#[1f3]">&gt;&gt;</a>&nbsp;&nbsp;&nbsp;aesDecrypt
</UL>

<P><STRONG><a name="[38b]"></a>kdp520_gpio_setdir</STRONG> (Thumb, 28 bytes, Stack size 8 bytes, kdp520_gpio.o(i.kdp520_gpio_setdir))
<BR><BR>[Stack]<UL><LI>Max Depth = 8<LI>Call Chain = kdp520_gpio_setdir
</UL>
<BR>[Called By]<UL><LI><a href="#[428]">&gt;&gt;</a>&nbsp;&nbsp;&nbsp;rgb_camera_rst
<LI><a href="#[38a]">&gt;&gt;</a>&nbsp;&nbsp;&nbsp;nir_led_init
<LI><a href="#[a0]">&gt;&gt;</a>&nbsp;&nbsp;&nbsp;rgb_camera_power_on
</UL>

<P><STRONG><a name="[394]"></a>kdp520_spi_switch_fail</STRONG> (Thumb, 30 bytes, Stack size 0 bytes, kdp520_spi.o(i.kdp520_spi_switch_fail))
<BR><BR>[Called By]<UL><LI><a href="#[39a]">&gt;&gt;</a>&nbsp;&nbsp;&nbsp;norflash_write_running
<LI><a href="#[46]">&gt;&gt;</a>&nbsp;&nbsp;&nbsp;norflash_get_info
<LI><a href="#[45]">&gt;&gt;</a>&nbsp;&nbsp;&nbsp;norflash_chip_erase
<LI><a href="#[395]">&gt;&gt;</a>&nbsp;&nbsp;&nbsp;norflash_busy_check
<LI><a href="#[44]">&gt;&gt;</a>&nbsp;&nbsp;&nbsp;norflash_64k_erase
<LI><a href="#[43]">&gt;&gt;</a>&nbsp;&nbsp;&nbsp;norflash_4k_erase
</UL>

<P><STRONG><a name="[396]"></a>kdp520_spi_switch_org</STRONG> (Thumb, 24 bytes, Stack size 0 bytes, kdp520_spi.o(i.kdp520_spi_switch_org))
<BR><BR>[Called By]<UL><LI><a href="#[39a]">&gt;&gt;</a>&nbsp;&nbsp;&nbsp;norflash_write_running
<LI><a href="#[41]">&gt;&gt;</a>&nbsp;&nbsp;&nbsp;norflash_read
<LI><a href="#[46]">&gt;&gt;</a>&nbsp;&nbsp;&nbsp;norflash_get_info
<LI><a href="#[45]">&gt;&gt;</a>&nbsp;&nbsp;&nbsp;norflash_chip_erase
<LI><a href="#[395]">&gt;&gt;</a>&nbsp;&nbsp;&nbsp;norflash_busy_check
<LI><a href="#[44]">&gt;&gt;</a>&nbsp;&nbsp;&nbsp;norflash_64k_erase
<LI><a href="#[43]">&gt;&gt;</a>&nbsp;&nbsp;&nbsp;norflash_4k_erase
</UL>

<P><STRONG><a name="[39b]"></a>kdp520_spi_write_Tx_FIFO</STRONG> (Thumb, 34 bytes, Stack size 12 bytes, kdp520_spi.o(i.kdp520_spi_write_Tx_FIFO))
<BR><BR>[Stack]<UL><LI>Max Depth = 12<LI>Call Chain = kdp520_spi_write_Tx_FIFO
</UL>
<BR>[Calls]<UL><LI><a href="#[4da]">&gt;&gt;</a>&nbsp;&nbsp;&nbsp;kdp520_spi_wait_tx_empty
</UL>
<BR>[Called By]<UL><LI><a href="#[39a]">&gt;&gt;</a>&nbsp;&nbsp;&nbsp;norflash_write_running
</UL>

<P><STRONG><a name="[390]"></a>kdp520_spi_write_data</STRONG> (Thumb, 48 bytes, Stack size 8 bytes, kdp520_spi.o(i.kdp520_spi_write_data))
<BR><BR>[Stack]<UL><LI>Max Depth = 8<LI>Call Chain = kdp520_spi_write_data
</UL>
<BR>[Calls]<UL><LI><a href="#[4da]">&gt;&gt;</a>&nbsp;&nbsp;&nbsp;kdp520_spi_wait_tx_empty
<LI><a href="#[4db]">&gt;&gt;</a>&nbsp;&nbsp;&nbsp;kdp520_spi_txfifo_depth
</UL>
<BR>[Called By]<UL><LI><a href="#[25f]">&gt;&gt;</a>&nbsp;&nbsp;&nbsp;nor_flash_quad_mode_en
</UL>

<P><STRONG><a name="[16]"></a>kdp520_virtual_dp_set_source</STRONG> (Thumb, 52 bytes, Stack size 16 bytes, kdp520_virtual_dp.o(i.kdp520_virtual_dp_set_source))
<BR><BR>[Stack]<UL><LI>Max Depth = 16<LI>Call Chain = kdp520_virtual_dp_set_source
</UL>
<BR>[Address Reference Count : 1]<UL><LI> kdp520_virtual_dp.o(.data)
</UL>
<P><STRONG><a name="[150]"></a>kdp_api_camera_on_0</STRONG> (Thumb, 52 bytes, Stack size 0 bytes, kl520_api_camera.o(i.kdp_api_camera_on_0))
<BR><BR>[Called By]<UL><LI><a href="#[14f]">&gt;&gt;</a>&nbsp;&nbsp;&nbsp;_api_camera_open
</UL>

<P><STRONG><a name="[2aa]"></a>kdp_app_db_extra_data_write</STRONG> (Thumb, 42 bytes, Stack size 8 bytes, kdp_app_db.o(i.kdp_app_db_extra_data_write))
<BR><BR>[Stack]<UL><LI>Max Depth = 8<LI>Call Chain = kdp_app_db_extra_data_write
</UL>
<BR>[Calls]<UL><LI><a href="#[266]">&gt;&gt;</a>&nbsp;&nbsp;&nbsp;kdp_app_db_check_usr_idx
<LI><a href="#[e6]">&gt;&gt;</a>&nbsp;&nbsp;&nbsp;__aeabi_memcpy
</UL>
<BR>[Called By]<UL><LI><a href="#[2a8]">&gt;&gt;</a>&nbsp;&nbsp;&nbsp;kdp_e2e_db_extra_write
</UL>

<P><STRONG><a name="[4dc]"></a>kdp_app_db_init</STRONG> (Thumb, 62 bytes, Stack size 24 bytes, kdp_app_db.o(i.kdp_app_db_init))
<BR><BR>[Stack]<UL><LI>Max Depth = 164<LI>Call Chain = kdp_app_db_init &rArr; kdp_ddr_reserve &rArr; kdp_level_printf &rArr; kdp_uart_write &rArr; kdp_uart_control &rArr; kdp_serial_init
</UL>
<BR>[Calls]<UL><LI><a href="#[100]">&gt;&gt;</a>&nbsp;&nbsp;&nbsp;kdp_ddr_reserve
<LI><a href="#[1b4]">&gt;&gt;</a>&nbsp;&nbsp;&nbsp;kdp_memxfer_init
<LI><a href="#[4dd]">&gt;&gt;</a>&nbsp;&nbsp;&nbsp;kdp_app_db_init_flash_load
</UL>
<BR>[Called By]<UL><LI><a href="#[355]">&gt;&gt;</a>&nbsp;&nbsp;&nbsp;kdp_e2e_db_init
</UL>

<P><STRONG><a name="[4dd]"></a>kdp_app_db_init_flash_load</STRONG> (Thumb, 58 bytes, Stack size 16 bytes, kdp_app_db.o(i.kdp_app_db_init_flash_load))
<BR><BR>[Stack]<UL><LI>Max Depth = 56<LI>Call Chain = kdp_app_db_init_flash_load &rArr; kdp_memxfer_flash_to_ddr &rArr; osMutexRelease
</UL>
<BR>[Calls]<UL><LI><a href="#[1b0]">&gt;&gt;</a>&nbsp;&nbsp;&nbsp;kdp_memxfer_flash_to_ddr
</UL>
<BR>[Called By]<UL><LI><a href="#[1e3]">&gt;&gt;</a>&nbsp;&nbsp;&nbsp;kdp_e2e_db_init_flash_load
<LI><a href="#[4dc]">&gt;&gt;</a>&nbsp;&nbsp;&nbsp;kdp_app_db_init
</UL>

<P><STRONG><a name="[33a]"></a>kdp_camera_close</STRONG> (Thumb, 26 bytes, Stack size 0 bytes, kdp_camera.o(i.kdp_camera_close))
<BR><BR>[Called By]<UL><LI><a href="#[1c4]">&gt;&gt;</a>&nbsp;&nbsp;&nbsp;kl520_api_cam_disp_ctrl
</UL>

<P><STRONG><a name="[152]"></a>kdp_camera_open</STRONG> (Thumb, 28 bytes, Stack size 0 bytes, kdp_camera.o(i.kdp_camera_open))
<BR><BR>[Called By]<UL><LI><a href="#[14f]">&gt;&gt;</a>&nbsp;&nbsp;&nbsp;_api_camera_open
</UL>

<P><STRONG><a name="[4b0]"></a>kdp_camera_query_capability</STRONG> (Thumb, 34 bytes, Stack size 8 bytes, kdp_camera.o(i.kdp_camera_query_capability))
<BR><BR>[Stack]<UL><LI>Max Depth = 8<LI>Call Chain = kdp_camera_query_capability
</UL>
<BR>[Called By]<UL><LI><a href="#[153]">&gt;&gt;</a>&nbsp;&nbsp;&nbsp;kdp_camera_get_device_info
</UL>

<P><STRONG><a name="[156]"></a>kdp_camera_set_exp_time</STRONG> (Thumb, 38 bytes, Stack size 8 bytes, kdp_camera.o(i.kdp_camera_set_exp_time))
<BR><BR>[Stack]<UL><LI>Max Depth = 8<LI>Call Chain = kdp_camera_set_exp_time
</UL>
<BR>[Called By]<UL><LI><a href="#[14f]">&gt;&gt;</a>&nbsp;&nbsp;&nbsp;_api_camera_open
<LI><a href="#[1c7]">&gt;&gt;</a>&nbsp;&nbsp;&nbsp;kdp_e2e_set_dual_cam_state
<LI><a href="#[1ef]">&gt;&gt;</a>&nbsp;&nbsp;&nbsp;aec_e2e_multiply_factor_set
<LI><a href="#[2ce]">&gt;&gt;</a>&nbsp;&nbsp;&nbsp;kdp_e2e_face_n1r1_preproc
</UL>

<P><STRONG><a name="[154]"></a>kdp_camera_set_frame_format</STRONG> (Thumb, 34 bytes, Stack size 8 bytes, kdp_camera.o(i.kdp_camera_set_frame_format))
<BR><BR>[Stack]<UL><LI>Max Depth = 8<LI>Call Chain = kdp_camera_set_frame_format
</UL>
<BR>[Called By]<UL><LI><a href="#[14f]">&gt;&gt;</a>&nbsp;&nbsp;&nbsp;_api_camera_open
</UL>

<P><STRONG><a name="[337]"></a>kdp_camera_start</STRONG> (Thumb, 28 bytes, Stack size 0 bytes, kdp_camera.o(i.kdp_camera_start))
<BR><BR>[Called By]<UL><LI><a href="#[1c4]">&gt;&gt;</a>&nbsp;&nbsp;&nbsp;kl520_api_cam_disp_ctrl
</UL>

<P><STRONG><a name="[225]"></a>kdp_clc_all_model_size</STRONG> (Thumb, 40 bytes, Stack size 0 bytes, kdp_model.o(i.kdp_clc_all_model_size))
<BR><BR>[Called By]<UL><LI><a href="#[221]">&gt;&gt;</a>&nbsp;&nbsp;&nbsp;drv_flash_main
</UL>

<P><STRONG><a name="[4b2]"></a>kdp_com_get_image_active</STRONG> (Thumb, 28 bytes, Stack size 4 bytes, kdp_com.o(i.kdp_com_get_image_active))
<BR><BR>[Stack]<UL><LI>Max Depth = 4<LI>Call Chain = kdp_com_get_image_active
</UL>
<BR>[Calls]<UL><LI><a href="#[1b6]">&gt;&gt;</a>&nbsp;&nbsp;&nbsp;kdp_com_get_avail_com
</UL>
<BR>[Called By]<UL><LI><a href="#[311]">&gt;&gt;</a>&nbsp;&nbsp;&nbsp;kdp_model_run
</UL>

<P><STRONG><a name="[36d]"></a>kdp_comm_post_process</STRONG> (Thumb, 62 bytes, Stack size 16 bytes, kdp_comm.o(i.kdp_comm_post_process))
<BR><BR>[Stack]<UL><LI>Max Depth = 16<LI>Call Chain = kdp_comm_post_process
</UL>
<BR>[Calls]<UL><LI><a href="#[4de]">&gt;&gt;</a>&nbsp;&nbsp;&nbsp;kdp_comm_check_header
<LI><a href="#[e6]">&gt;&gt;</a>&nbsp;&nbsp;&nbsp;__aeabi_memcpy
</UL>
<BR>[Called By]<UL><LI><a href="#[a1]">&gt;&gt;</a>&nbsp;&nbsp;&nbsp;kl520_com_thread
</UL>

<P><STRONG><a name="[2fa]"></a>kdp_dma_disable_ch</STRONG> (Thumb, 22 bytes, Stack size 0 bytes, kdp520_dma.o(i.kdp_dma_disable_ch))
<BR><BR>[Called By]<UL><LI><a href="#[362]">&gt;&gt;</a>&nbsp;&nbsp;&nbsp;kl520_api_snapshot_dma
<LI><a href="#[2f4]">&gt;&gt;</a>&nbsp;&nbsp;&nbsp;kdp_flash_to_ddr_dma_copy
</UL>

<P><STRONG><a name="[2f7]"></a>kdp_dma_enable_dma_int</STRONG> (Thumb, 32 bytes, Stack size 8 bytes, kdp520_dma.o(i.kdp_dma_enable_dma_int))
<BR><BR>[Stack]<UL><LI>Max Depth = 8<LI>Call Chain = kdp_dma_enable_dma_int
</UL>
<BR>[Calls]<UL><LI><a href="#[4df]">&gt;&gt;</a>&nbsp;&nbsp;&nbsp;__NVIC_EnableIRQ
</UL>
<BR>[Called By]<UL><LI><a href="#[362]">&gt;&gt;</a>&nbsp;&nbsp;&nbsp;kl520_api_snapshot_dma
<LI><a href="#[2f4]">&gt;&gt;</a>&nbsp;&nbsp;&nbsp;kdp_flash_to_ddr_dma_copy
</UL>

<P><STRONG><a name="[2f5]"></a>kdp_dma_init</STRONG> (Thumb, 24 bytes, Stack size 0 bytes, kdp520_dma.o(i.kdp_dma_init))
<BR><BR>[Called By]<UL><LI><a href="#[362]">&gt;&gt;</a>&nbsp;&nbsp;&nbsp;kl520_api_snapshot_dma
<LI><a href="#[2f4]">&gt;&gt;</a>&nbsp;&nbsp;&nbsp;kdp_flash_to_ddr_dma_copy
</UL>

<P><STRONG><a name="[4c5]"></a>kdp_drv_i2c_read</STRONG> (Thumb, 42 bytes, Stack size 32 bytes, kdp520_i2c.o(i.kdp_drv_i2c_read))
<BR><BR>[Stack]<UL><LI>Max Depth = 32<LI>Call Chain = kdp_drv_i2c_read
</UL>
<BR>[Calls]<UL><LI><a href="#[298]">&gt;&gt;</a>&nbsp;&nbsp;&nbsp;_get_i2c_dev_drv
</UL>
<BR>[Called By]<UL><LI><a href="#[436]">&gt;&gt;</a>&nbsp;&nbsp;&nbsp;sp2509_read_reg
</UL>

<P><STRONG><a name="[37d]"></a>kdp_drv_init</STRONG> (Thumb, 28 bytes, Stack size 8 bytes, drivers.o(i.kdp_drv_init))
<BR><BR>[Stack]<UL><LI>Max Depth = 48<LI>Call Chain = kdp_drv_init &rArr; kdp_drv_i2c_init
</UL>
<BR>[Calls]<UL><LI><a href="#[297]">&gt;&gt;</a>&nbsp;&nbsp;&nbsp;kdp_drv_i2c_init
</UL>
<BR>[Called By]<UL><LI><a href="#[63]">&gt;&gt;</a>&nbsp;&nbsp;&nbsp;main
</UL>

<P><STRONG><a name="[e3]"></a>kdp_e2e_db_extra_read</STRONG> (Thumb, 46 bytes, Stack size 16 bytes, kdp_e2e_db.o(i.kdp_e2e_db_extra_read))
<BR><BR>[Stack]<UL><LI>Max Depth = 32<LI>Call Chain = kdp_e2e_db_extra_read &rArr; mutex_unlock &rArr; osMutexRelease
</UL>
<BR>[Calls]<UL><LI><a href="#[197]">&gt;&gt;</a>&nbsp;&nbsp;&nbsp;mutex_unlock
<LI><a href="#[2a9]">&gt;&gt;</a>&nbsp;&nbsp;&nbsp;mutex_lock_timeout
<LI><a href="#[26e]">&gt;&gt;</a>&nbsp;&nbsp;&nbsp;kdp_app_db_extra_data_read
<LI><a href="#[266]">&gt;&gt;</a>&nbsp;&nbsp;&nbsp;kdp_app_db_check_usr_idx
</UL>
<BR>[Called By]<UL><LI><a href="#[16c]">&gt;&gt;</a>&nbsp;&nbsp;&nbsp;kdp_e2e_db_compare
<LI><a href="#[df]">&gt;&gt;</a>&nbsp;&nbsp;&nbsp;DSM_Uart_GetUserInfo
<LI><a href="#[2a1]">&gt;&gt;</a>&nbsp;&nbsp;&nbsp;kdp_e2e_db_min_user_meet_thers
</UL>

<P><STRONG><a name="[e4]"></a>kdp_e2e_db_get_user_info_by_idx</STRONG> (Thumb, 48 bytes, Stack size 24 bytes, kdp_e2e_db.o(i.kdp_e2e_db_get_user_info_by_idx))
<BR><BR>[Stack]<UL><LI>Max Depth = 172<LI>Call Chain = kdp_e2e_db_get_user_info_by_idx &rArr; kdp_e2e_db_ready_check &rArr; kdp_level_printf &rArr; kdp_uart_write &rArr; kdp_uart_control &rArr; kdp_serial_init
</UL>
<BR>[Calls]<UL><LI><a href="#[26f]">&gt;&gt;</a>&nbsp;&nbsp;&nbsp;kdp_app_db_get_user_info_by_idx
<LI><a href="#[266]">&gt;&gt;</a>&nbsp;&nbsp;&nbsp;kdp_app_db_check_usr_idx
<LI><a href="#[2a7]">&gt;&gt;</a>&nbsp;&nbsp;&nbsp;kdp_e2e_db_ready_check
</UL>
<BR>[Called By]<UL><LI><a href="#[208]">&gt;&gt;</a>&nbsp;&nbsp;&nbsp;kl520_api_face_query_first_avail_user_idx
<LI><a href="#[dc]">&gt;&gt;</a>&nbsp;&nbsp;&nbsp;kl520_api_face_query_all
<LI><a href="#[df]">&gt;&gt;</a>&nbsp;&nbsp;&nbsp;DSM_Uart_GetUserInfo
</UL>

<P><STRONG><a name="[355]"></a>kdp_e2e_db_init</STRONG> (Thumb, 48 bytes, Stack size 16 bytes, kdp_e2e_db.o(i.kdp_e2e_db_init))
<BR><BR>[Stack]<UL><LI>Max Depth = 180<LI>Call Chain = kdp_e2e_db_init &rArr; kdp_app_db_init &rArr; kdp_ddr_reserve &rArr; kdp_level_printf &rArr; kdp_uart_write &rArr; kdp_uart_control &rArr; kdp_serial_init
</UL>
<BR>[Calls]<UL><LI><a href="#[100]">&gt;&gt;</a>&nbsp;&nbsp;&nbsp;kdp_ddr_reserve
<LI><a href="#[199]">&gt;&gt;</a>&nbsp;&nbsp;&nbsp;osMutexNew
<LI><a href="#[4dc]">&gt;&gt;</a>&nbsp;&nbsp;&nbsp;kdp_app_db_init
</UL>
<BR>[Called By]<UL><LI><a href="#[340]">&gt;&gt;</a>&nbsp;&nbsp;&nbsp;kl520_api_fdfr_model_init
</UL>

<P><STRONG><a name="[1e3]"></a>kdp_e2e_db_init_flash_load</STRONG> (Thumb, 56 bytes, Stack size 24 bytes, kdp_e2e_db.o(i.kdp_e2e_db_init_flash_load))
<BR><BR>[Stack]<UL><LI>Max Depth = 80<LI>Call Chain = kdp_e2e_db_init_flash_load &rArr; kdp_app_db_init_flash_load &rArr; kdp_memxfer_flash_to_ddr &rArr; osMutexRelease
</UL>
<BR>[Calls]<UL><LI><a href="#[d9]">&gt;&gt;</a>&nbsp;&nbsp;&nbsp;osDelay
<LI><a href="#[4e0]">&gt;&gt;</a>&nbsp;&nbsp;&nbsp;kdp_app_db_query
<LI><a href="#[4dd]">&gt;&gt;</a>&nbsp;&nbsp;&nbsp;kdp_app_db_init_flash_load
</UL>
<BR>[Called By]<UL><LI><a href="#[7b]">&gt;&gt;</a>&nbsp;&nbsp;&nbsp;_tasks_init_flash_load_thread_each
</UL>

<P><STRONG><a name="[1f0]"></a>kdp_e2e_nir_gain_clip_bound</STRONG> (Thumb, 42 bytes, Stack size 8 bytes, kdp_e2e_camera.o(i.kdp_e2e_nir_gain_clip_bound))
<BR><BR>[Stack]<UL><LI>Max Depth = 8<LI>Call Chain = kdp_e2e_nir_gain_clip_bound
</UL>
<BR>[Calls]<UL><LI><a href="#[e1]">&gt;&gt;</a>&nbsp;&nbsp;&nbsp;kdp_e2e_get_face_variables
</UL>
<BR>[Called By]<UL><LI><a href="#[1ef]">&gt;&gt;</a>&nbsp;&nbsp;&nbsp;aec_e2e_multiply_factor_set
</UL>

<P><STRONG><a name="[168]"></a>kdp_e2e_nir_led_flag_off</STRONG> (Thumb, 40 bytes, Stack size 8 bytes, kdp_e2e_ctrl.o(i.kdp_e2e_nir_led_flag_off))
<BR><BR>[Stack]<UL><LI>Max Depth = 8<LI>Call Chain = kdp_e2e_nir_led_flag_off
</UL>
<BR>[Calls]<UL><LI><a href="#[e1]">&gt;&gt;</a>&nbsp;&nbsp;&nbsp;kdp_e2e_get_face_variables
</UL>
<BR>[Called By]<UL><LI><a href="#[204]">&gt;&gt;</a>&nbsp;&nbsp;&nbsp;api_fdfr_handle_face_add_event
<LI><a href="#[166]">&gt;&gt;</a>&nbsp;&nbsp;&nbsp;_api_fdfr_handle_face_recog_error
<LI><a href="#[1c7]">&gt;&gt;</a>&nbsp;&nbsp;&nbsp;kdp_e2e_set_dual_cam_state
<LI><a href="#[2b1]">&gt;&gt;</a>&nbsp;&nbsp;&nbsp;kdp_e2e_face_n1_fd_lm_combo
</UL>

<P><STRONG><a name="[2d3]"></a>kdp_e2e_nir_led_flag_on</STRONG> (Thumb, 30 bytes, Stack size 8 bytes, kdp_e2e_ctrl.o(i.kdp_e2e_nir_led_flag_on))
<BR><BR>[Stack]<UL><LI>Max Depth = 8<LI>Call Chain = kdp_e2e_nir_led_flag_on
</UL>
<BR>[Calls]<UL><LI><a href="#[e1]">&gt;&gt;</a>&nbsp;&nbsp;&nbsp;kdp_e2e_get_face_variables
</UL>
<BR>[Called By]<UL><LI><a href="#[1c7]">&gt;&gt;</a>&nbsp;&nbsp;&nbsp;kdp_e2e_set_dual_cam_state
<LI><a href="#[2c0]">&gt;&gt;</a>&nbsp;&nbsp;&nbsp;nir_aec_tune_for_fd_search
<LI><a href="#[2ce]">&gt;&gt;</a>&nbsp;&nbsp;&nbsp;kdp_e2e_face_n1r1_preproc
</UL>

<P><STRONG><a name="[2cc]"></a>kdp_e2e_rst_n1_lm</STRONG> (Thumb, 32 bytes, Stack size 8 bytes, kdp_e2e_face.o(i.kdp_e2e_rst_n1_lm))
<BR><BR>[Stack]<UL><LI>Max Depth = 8<LI>Call Chain = kdp_e2e_rst_n1_lm
</UL>
<BR>[Calls]<UL><LI><a href="#[e2]">&gt;&gt;</a>&nbsp;&nbsp;&nbsp;__aeabi_memclr4
</UL>
<BR>[Called By]<UL><LI><a href="#[1d1]">&gt;&gt;</a>&nbsp;&nbsp;&nbsp;kdp_e2e_face_n1r1
</UL>

<P><STRONG><a name="[2ca]"></a>kdp_e2e_rst_r1_fr</STRONG> (Thumb, 36 bytes, Stack size 16 bytes, kdp_e2e_face.o(i.kdp_e2e_rst_r1_fr))
<BR><BR>[Stack]<UL><LI>Max Depth = 16<LI>Call Chain = kdp_e2e_rst_r1_fr
</UL>
<BR>[Calls]<UL><LI><a href="#[e2]">&gt;&gt;</a>&nbsp;&nbsp;&nbsp;__aeabi_memclr4
</UL>
<BR>[Called By]<UL><LI><a href="#[1d1]">&gt;&gt;</a>&nbsp;&nbsp;&nbsp;kdp_e2e_face_n1r1
</UL>

<P><STRONG><a name="[2c9]"></a>kdp_e2e_rst_r1_lm</STRONG> (Thumb, 28 bytes, Stack size 8 bytes, kdp_e2e_face.o(i.kdp_e2e_rst_r1_lm))
<BR><BR>[Stack]<UL><LI>Max Depth = 8<LI>Call Chain = kdp_e2e_rst_r1_lm
</UL>
<BR>[Calls]<UL><LI><a href="#[e2]">&gt;&gt;</a>&nbsp;&nbsp;&nbsp;__aeabi_memclr4
</UL>
<BR>[Called By]<UL><LI><a href="#[1d1]">&gt;&gt;</a>&nbsp;&nbsp;&nbsp;kdp_e2e_face_n1r1
</UL>

<P><STRONG><a name="[4b8]"></a>kdp_e2e_settings_delete</STRONG> (Thumb, 58 bytes, Stack size 8 bytes, kdp_e2e_settings.o(i.kdp_e2e_settings_delete))
<BR><BR>[Stack]<UL><LI>Max Depth = 48<LI>Call Chain = kdp_e2e_settings_delete &rArr; kdp_memxfer_ddr_to_flash &rArr; osMutexRelease
</UL>
<BR>[Calls]<UL><LI><a href="#[1a9]">&gt;&gt;</a>&nbsp;&nbsp;&nbsp;kdp_memxfer_ddr_to_flash
<LI><a href="#[197]">&gt;&gt;</a>&nbsp;&nbsp;&nbsp;mutex_unlock
<LI><a href="#[2a9]">&gt;&gt;</a>&nbsp;&nbsp;&nbsp;mutex_lock_timeout
</UL>
<BR>[Called By]<UL><LI><a href="#[473]">&gt;&gt;</a>&nbsp;&nbsp;&nbsp;kl520_api_settings_delete
</UL>

<P><STRONG><a name="[29e]"></a>kdp_e2e_settings_write</STRONG> (Thumb, 62 bytes, Stack size 24 bytes, kdp_e2e_settings.o(i.kdp_e2e_settings_write))
<BR><BR>[Stack]<UL><LI>Max Depth = 64<LI>Call Chain = kdp_e2e_settings_write &rArr; kdp_memxfer_ddr_to_flash &rArr; osMutexRelease
</UL>
<BR>[Calls]<UL><LI><a href="#[1a9]">&gt;&gt;</a>&nbsp;&nbsp;&nbsp;kdp_memxfer_ddr_to_flash
<LI><a href="#[197]">&gt;&gt;</a>&nbsp;&nbsp;&nbsp;mutex_unlock
<LI><a href="#[2a9]">&gt;&gt;</a>&nbsp;&nbsp;&nbsp;mutex_lock_timeout
<LI><a href="#[e6]">&gt;&gt;</a>&nbsp;&nbsp;&nbsp;__aeabi_memcpy
</UL>
<BR>[Called By]<UL><LI><a href="#[1ca]">&gt;&gt;</a>&nbsp;&nbsp;&nbsp;kdp_e2e_db_add
</UL>

<P><STRONG><a name="[15b]"></a>kdp_e2e_util_get_person_position</STRONG> (Thumb, 72 bytes, Stack size 32 bytes, kdp_e2e_util.o(i.kdp_e2e_util_get_person_position))
<BR><BR>[Stack]<UL><LI>Max Depth = 32<LI>Call Chain = kdp_e2e_util_get_person_position
</UL>
<BR>[Calls]<UL><LI><a href="#[16a]">&gt;&gt;</a>&nbsp;&nbsp;&nbsp;kdp_e2e_prop_get_inst
<LI><a href="#[29c]">&gt;&gt;</a>&nbsp;&nbsp;&nbsp;kdp_e2e_get_n1_fd
</UL>
<BR>[Called By]<UL><LI><a href="#[1d2]">&gt;&gt;</a>&nbsp;&nbsp;&nbsp;_kl520_api_util_collection
<LI><a href="#[15a]">&gt;&gt;</a>&nbsp;&nbsp;&nbsp;_api_face_note
</UL>

<P><STRONG><a name="[164]"></a>kdp_fb_mgr_inf_done</STRONG> (Thumb, 54 bytes, Stack size 16 bytes, kdp_fb_mgr.o(i.kdp_fb_mgr_inf_done))
<BR><BR>[Stack]<UL><LI>Max Depth = 212<LI>Call Chain = kdp_fb_mgr_inf_done &rArr; osSemaphoreRelease &rArr; osRtxPostProcess &rArr; osRtxKernelErrorNotify &rArr; osRtxErrorNotify &rArr; power_manager_error_notify &rArr; kdp_level_printf &rArr; kdp_uart_write &rArr; kdp_uart_control &rArr; kdp_serial_init
</UL>
<BR>[Calls]<UL><LI><a href="#[2f0]">&gt;&gt;</a>&nbsp;&nbsp;&nbsp;osSemaphoreRelease
<LI><a href="#[2ee]">&gt;&gt;</a>&nbsp;&nbsp;&nbsp;_fb_sem_lock
</UL>
<BR>[Called By]<UL><LI><a href="#[162]">&gt;&gt;</a>&nbsp;&nbsp;&nbsp;_api_fdfr_cam_prepare
</UL>

<P><STRONG><a name="[1a9]"></a>kdp_memxfer_ddr_to_flash</STRONG> (Thumb, 58 bytes, Stack size 24 bytes, kdp_memxfer.o(i.kdp_memxfer_ddr_to_flash))
<BR><BR>[Stack]<UL><LI>Max Depth = 40<LI>Call Chain = kdp_memxfer_ddr_to_flash &rArr; osMutexRelease
</UL>
<BR>[Calls]<UL><LI><a href="#[4e1]">&gt;&gt;</a>&nbsp;&nbsp;&nbsp;kdp_flash_program_data
<LI><a href="#[2ff]">&gt;&gt;</a>&nbsp;&nbsp;&nbsp;kdp_flash_erase_multi_sectors
<LI><a href="#[19c]">&gt;&gt;</a>&nbsp;&nbsp;&nbsp;osMutexRelease
<LI><a href="#[19b]">&gt;&gt;</a>&nbsp;&nbsp;&nbsp;osMutexAcquire
</UL>
<BR>[Called By]<UL><LI><a href="#[10e]">&gt;&gt;</a>&nbsp;&nbsp;&nbsp;kl520_api_customer_write
<LI><a href="#[416]">&gt;&gt;</a>&nbsp;&nbsp;&nbsp;ota_update_force_switch_active_partition
<LI><a href="#[4b8]">&gt;&gt;</a>&nbsp;&nbsp;&nbsp;kdp_e2e_settings_delete
<LI><a href="#[378]">&gt;&gt;</a>&nbsp;&nbsp;&nbsp;ota_handle_first_time_boot
<LI><a href="#[412]">&gt;&gt;</a>&nbsp;&nbsp;&nbsp;ota_init_partition_boot_cfg
<LI><a href="#[221]">&gt;&gt;</a>&nbsp;&nbsp;&nbsp;drv_flash_main
<LI><a href="#[410]">&gt;&gt;</a>&nbsp;&nbsp;&nbsp;ota_burn_in_config
<LI><a href="#[1a7]">&gt;&gt;</a>&nbsp;&nbsp;&nbsp;_kdp_app_db_save_ddr_to_flash
<LI><a href="#[29e]">&gt;&gt;</a>&nbsp;&nbsp;&nbsp;kdp_e2e_settings_write
</UL>

<P><STRONG><a name="[1a8]"></a>kdp_memxfer_ddr_to_flash_wo_erase</STRONG> (Thumb, 48 bytes, Stack size 24 bytes, kdp_memxfer.o(i.kdp_memxfer_ddr_to_flash_wo_erase))
<BR><BR>[Stack]<UL><LI>Max Depth = 40<LI>Call Chain = kdp_memxfer_ddr_to_flash_wo_erase &rArr; osMutexRelease
</UL>
<BR>[Calls]<UL><LI><a href="#[4e1]">&gt;&gt;</a>&nbsp;&nbsp;&nbsp;kdp_flash_program_data
<LI><a href="#[19c]">&gt;&gt;</a>&nbsp;&nbsp;&nbsp;osMutexRelease
<LI><a href="#[19b]">&gt;&gt;</a>&nbsp;&nbsp;&nbsp;osMutexAcquire
</UL>
<BR>[Called By]<UL><LI><a href="#[1a7]">&gt;&gt;</a>&nbsp;&nbsp;&nbsp;_kdp_app_db_save_ddr_to_flash
</UL>

<P><STRONG><a name="[273]"></a>kdp_memxfer_flash_sector_erase4k</STRONG> (Thumb, 32 bytes, Stack size 16 bytes, kdp_memxfer.o(i.kdp_memxfer_flash_sector_erase4k))
<BR><BR>[Stack]<UL><LI>Max Depth = 32<LI>Call Chain = kdp_memxfer_flash_sector_erase4k &rArr; osMutexRelease
</UL>
<BR>[Calls]<UL><LI><a href="#[4e2]">&gt;&gt;</a>&nbsp;&nbsp;&nbsp;kdp_flash_erase_4k
<LI><a href="#[19c]">&gt;&gt;</a>&nbsp;&nbsp;&nbsp;osMutexRelease
<LI><a href="#[19b]">&gt;&gt;</a>&nbsp;&nbsp;&nbsp;osMutexAcquire
</UL>
<BR>[Called By]<UL><LI><a href="#[271]">&gt;&gt;</a>&nbsp;&nbsp;&nbsp;kdp_app_db_delete
</UL>

<P><STRONG><a name="[310]"></a>kdp_model_get_raw_img</STRONG> (Thumb, 38 bytes, Stack size 16 bytes, kdp_model.o(i.kdp_model_get_raw_img))
<BR><BR>[Stack]<UL><LI>Max Depth = 24<LI>Call Chain = kdp_model_get_raw_img &rArr; kdp_model_get_raw_img_idx
</UL>
<BR>[Calls]<UL><LI><a href="#[1b8]">&gt;&gt;</a>&nbsp;&nbsp;&nbsp;kdp_com_get_output_ptr
<LI><a href="#[1b7]">&gt;&gt;</a>&nbsp;&nbsp;&nbsp;kdp_model_get_raw_img_idx
</UL>
<BR>[Called By]<UL><LI><a href="#[279]">&gt;&gt;</a>&nbsp;&nbsp;&nbsp;kdp_model_run_ex
<LI><a href="#[2d1]">&gt;&gt;</a>&nbsp;&nbsp;&nbsp;kdp_model_fr
<LI><a href="#[30f]">&gt;&gt;</a>&nbsp;&nbsp;&nbsp;kdp_model_face_quality
<LI><a href="#[315]">&gt;&gt;</a>&nbsp;&nbsp;&nbsp;kdp_model_nir_lv
<LI><a href="#[313]">&gt;&gt;</a>&nbsp;&nbsp;&nbsp;kdp_model_nir_hsn_lv
<LI><a href="#[312]">&gt;&gt;</a>&nbsp;&nbsp;&nbsp;kdp_model_nir_eye_lv
</UL>

<P><STRONG><a name="[ec]"></a>kdp_model_load_model</STRONG> (Thumb, 56 bytes, Stack size 16 bytes, kdp_model.o(i.kdp_model_load_model))
<BR><BR>[Stack]<UL><LI>Max Depth = 180<LI>Call Chain = kdp_model_load_model &rArr; _kdp_model_load_model_info &rArr; kdp_level_printf &rArr; kdp_uart_write &rArr; kdp_uart_control &rArr; kdp_serial_init
</UL>
<BR>[Calls]<UL><LI><a href="#[1b1]">&gt;&gt;</a>&nbsp;&nbsp;&nbsp;_kdp_model_load_model_info
<LI><a href="#[1af]">&gt;&gt;</a>&nbsp;&nbsp;&nbsp;_kdp_model_load_model
</UL>
<BR>[Called By]<UL><LI><a href="#[334]">&gt;&gt;</a>&nbsp;&nbsp;&nbsp;kl520_api_get_device_info
<LI><a href="#[7b]">&gt;&gt;</a>&nbsp;&nbsp;&nbsp;_tasks_init_flash_load_thread_each
<LI><a href="#[e7]">&gt;&gt;</a>&nbsp;&nbsp;&nbsp;DSM_Uart_Get_Kn_DeviceInfo
</UL>

<P><STRONG><a name="[101]"></a>kdp_printf_nocrlf</STRONG> (Thumb, 40 bytes, Stack size 280 bytes, dbg.o(i.kdp_printf_nocrlf))
<BR><BR>[Stack]<UL><LI>Max Depth = 380<LI>Call Chain = kdp_printf_nocrlf &rArr; kdp_uart_write &rArr; kdp_uart_control &rArr; kdp_serial_init
</UL>
<BR>[Calls]<UL><LI><a href="#[2fe]">&gt;&gt;</a>&nbsp;&nbsp;&nbsp;kdp_uart_write
<LI><a href="#[2fc]">&gt;&gt;</a>&nbsp;&nbsp;&nbsp;vsprintf
<LI><a href="#[2fd]">&gt;&gt;</a>&nbsp;&nbsp;&nbsp;strlen
</UL>
<BR>[Called By]<UL><LI><a href="#[40c]">&gt;&gt;</a>&nbsp;&nbsp;&nbsp;ota_bin_double_check
<LI><a href="#[133]">&gt;&gt;</a>&nbsp;&nbsp;&nbsp;Ota_MD5_checksum
<LI><a href="#[ff]">&gt;&gt;</a>&nbsp;&nbsp;&nbsp;DSM_Uart_OtaHeader
<LI><a href="#[230]">&gt;&gt;</a>&nbsp;&nbsp;&nbsp;handle_db_export
</UL>

<P><STRONG><a name="[4ad]"></a>kdp_sensor_get_device_id</STRONG> (Thumb, 26 bytes, Stack size 0 bytes, kdp_sensor.o(i.kdp_sensor_get_device_id))
<BR><BR>[Called By]<UL><LI><a href="#[2c]">&gt;&gt;</a>&nbsp;&nbsp;&nbsp;kdp520_get_device_id
</UL>

<P><STRONG><a name="[4c4]"></a>kdp_sensor_register</STRONG> (Thumb, 48 bytes, Stack size 8 bytes, kdp_sensor.o(i.kdp_sensor_register))
<BR><BR>[Stack]<UL><LI>Max Depth = 8<LI>Call Chain = kdp_sensor_register
</UL>
<BR>[Called By]<UL><LI><a href="#[27f]">&gt;&gt;</a>&nbsp;&nbsp;&nbsp;sp2509_r_sensor_init
<LI><a href="#[27e]">&gt;&gt;</a>&nbsp;&nbsp;&nbsp;sp2509_l_sensor_init
</UL>

<P><STRONG><a name="[4a5]"></a>kdp_sensor_set_exp_time</STRONG> (Thumb, 38 bytes, Stack size 8 bytes, kdp_sensor.o(i.kdp_sensor_set_exp_time))
<BR><BR>[Stack]<UL><LI>Max Depth = 8<LI>Call Chain = kdp_sensor_set_exp_time
</UL>
<BR>[Called By]<UL><LI><a href="#[26]">&gt;&gt;</a>&nbsp;&nbsp;&nbsp;kdp520_cam_set_exp_time
</UL>

<P><STRONG><a name="[4a6]"></a>kdp_sensor_set_flip</STRONG> (Thumb, 28 bytes, Stack size 0 bytes, kdp_sensor.o(i.kdp_sensor_set_flip))
<BR><BR>[Called By]<UL><LI><a href="#[2a]">&gt;&gt;</a>&nbsp;&nbsp;&nbsp;kdp520_cam_set_flip
</UL>

<P><STRONG><a name="[4a7]"></a>kdp_sensor_set_fps</STRONG> (Thumb, 28 bytes, Stack size 0 bytes, kdp_sensor.o(i.kdp_sensor_set_fps))
<BR><BR>[Called By]<UL><LI><a href="#[2d]">&gt;&gt;</a>&nbsp;&nbsp;&nbsp;kdp520_cam_set_fps
</UL>

<P><STRONG><a name="[4aa]"></a>kdp_sensor_set_mirror</STRONG> (Thumb, 28 bytes, Stack size 0 bytes, kdp_sensor.o(i.kdp_sensor_set_mirror))
<BR><BR>[Called By]<UL><LI><a href="#[29]">&gt;&gt;</a>&nbsp;&nbsp;&nbsp;kdp520_cam_set_mirror
</UL>

<P><STRONG><a name="[31e]"></a>kdp_timer_enable</STRONG> (Thumb, 46 bytes, Stack size 0 bytes, kdp520_pwm_timer.o(i.kdp_timer_enable))
<BR><BR>[Called By]<UL><LI><a href="#[31a]">&gt;&gt;</a>&nbsp;&nbsp;&nbsp;kdp_timer_init
</UL>

<P><STRONG><a name="[137]"></a>kdp_timer_int_clear</STRONG> (Thumb, 24 bytes, Stack size 0 bytes, kdp520_pwm_timer.o(i.kdp_timer_int_clear))
<BR><BR>[Called By]<UL><LI><a href="#[31a]">&gt;&gt;</a>&nbsp;&nbsp;&nbsp;kdp_timer_init
<LI><a href="#[72]">&gt;&gt;</a>&nbsp;&nbsp;&nbsp;PWMTMR6_IRQHandler
<LI><a href="#[71]">&gt;&gt;</a>&nbsp;&nbsp;&nbsp;PWMTMR5_IRQHandler
<LI><a href="#[70]">&gt;&gt;</a>&nbsp;&nbsp;&nbsp;PWMTMR4_IRQHandler
<LI><a href="#[6f]">&gt;&gt;</a>&nbsp;&nbsp;&nbsp;PWMTMR3_IRQHandler
<LI><a href="#[6e]">&gt;&gt;</a>&nbsp;&nbsp;&nbsp;PWMTMR2_IRQHandler
<LI><a href="#[6d]">&gt;&gt;</a>&nbsp;&nbsp;&nbsp;PWMTMR1_IRQHandler
</UL>

<P><STRONG><a name="[31d]"></a>kdp_timer_int_enable</STRONG> (Thumb, 28 bytes, Stack size 0 bytes, kdp520_pwm_timer.o(i.kdp_timer_int_enable))
<BR><BR>[Called By]<UL><LI><a href="#[31a]">&gt;&gt;</a>&nbsp;&nbsp;&nbsp;kdp_timer_init
</UL>

<P><STRONG><a name="[31b]"></a>kdp_timer_ioctrl</STRONG> (Thumb, 64 bytes, Stack size 4 bytes, kdp520_pwm_timer.o(i.kdp_timer_ioctrl))
<BR><BR>[Stack]<UL><LI>Max Depth = 12<LI>Call Chain = kdp_timer_ioctrl &rArr; kdp_timer_resetall
</UL>
<BR>[Calls]<UL><LI><a href="#[4b3]">&gt;&gt;</a>&nbsp;&nbsp;&nbsp;kdp_timer_resetall
<LI><a href="#[4e4]">&gt;&gt;</a>&nbsp;&nbsp;&nbsp;_set_timer_tick
<LI><a href="#[4e5]">&gt;&gt;</a>&nbsp;&nbsp;&nbsp;_set_timer_clk_source
<LI><a href="#[4e3]">&gt;&gt;</a>&nbsp;&nbsp;&nbsp;_get_timer_tick
</UL>
<BR>[Called By]<UL><LI><a href="#[31a]">&gt;&gt;</a>&nbsp;&nbsp;&nbsp;kdp_timer_init
</UL>

<P><STRONG><a name="[28c]"></a>kdp_uart_GetRxBufSize</STRONG> (Thumb, 26 bytes, Stack size 0 bytes, kdp_uart.o(i.kdp_uart_GetRxBufSize))
<BR><BR>[Called By]<UL><LI><a href="#[289]">&gt;&gt;</a>&nbsp;&nbsp;&nbsp;kdp_comm_receive_data
</UL>

<P><STRONG><a name="[28d]"></a>kdp_uart_SetReadIndex</STRONG> (Thumb, 28 bytes, Stack size 0 bytes, kdp_uart.o(i.kdp_uart_SetReadIndex))
<BR><BR>[Called By]<UL><LI><a href="#[289]">&gt;&gt;</a>&nbsp;&nbsp;&nbsp;kdp_comm_receive_data
</UL>

<P><STRONG><a name="[331]"></a>kdp_video_renderer_connect_display_panel</STRONG> (Thumb, 20 bytes, Stack size 0 bytes, video_renderer.o(i.kdp_video_renderer_connect_display_panel))
<BR><BR>[Called By]<UL><LI><a href="#[32f]">&gt;&gt;</a>&nbsp;&nbsp;&nbsp;kdp_video_renderer_open
</UL>

<P><STRONG><a name="[188]"></a>kl520_api_cam_disp_state_rst</STRONG> (Thumb, 46 bytes, Stack size 16 bytes, kl520_api_camera.o(i.kl520_api_cam_disp_state_rst))
<BR><BR>[Stack]<UL><LI>Max Depth = 308<LI>Call Chain = kl520_api_cam_disp_state_rst &rArr; kl520_api_cam_disp_ctrl &rArr; _api_camera_open &rArr; kdp_level_printf &rArr; kdp_uart_write &rArr; kdp_uart_control &rArr; kdp_serial_init
</UL>
<BR>[Calls]<UL><LI><a href="#[1c4]">&gt;&gt;</a>&nbsp;&nbsp;&nbsp;kl520_api_cam_disp_ctrl
</UL>
<BR>[Called By]<UL><LI><a href="#[348]">&gt;&gt;</a>&nbsp;&nbsp;&nbsp;kl520_api_reset_hmi_external_interface
<LI><a href="#[69]">&gt;&gt;</a>&nbsp;&nbsp;&nbsp;_user_com_fdfr_thread
<LI><a href="#[189]">&gt;&gt;</a>&nbsp;&nbsp;&nbsp;_handle_user_com_event_delete_user
<LI><a href="#[183]">&gt;&gt;</a>&nbsp;&nbsp;&nbsp;_handle_face_enroll_correct_direction
</UL>

<P><STRONG><a name="[f9]"></a>kl520_api_customer_chk_key_exist</STRONG> (Thumb, 38 bytes, Stack size 8 bytes, kl520_api.o(i.kl520_api_customer_chk_key_exist))
<BR><BR>[Stack]<UL><LI>Max Depth = 8<LI>Call Chain = kl520_api_customer_chk_key_exist
</UL>
<BR>[Called By]<UL><LI><a href="#[f7]">&gt;&gt;</a>&nbsp;&nbsp;&nbsp;DSM_Uart_Init_Encryption
</UL>

<P><STRONG><a name="[347]"></a>kl520_api_dp_five_face_disable</STRONG> (Thumb, 8 bytes, Stack size 0 bytes, kl520_api.o(i.kl520_api_dp_five_face_disable))
<BR><BR>[Called By]<UL><LI><a href="#[222]">&gt;&gt;</a>&nbsp;&nbsp;&nbsp;kl520_api_face_close
</UL>

<P><STRONG><a name="[f1]"></a>kl520_api_dp_get_device_id</STRONG> (Thumb, 40 bytes, Stack size 8 bytes, kl520_api.o(i.kl520_api_dp_get_device_id))
<BR><BR>[Stack]<UL><LI>Max Depth = 176<LI>Call Chain = kl520_api_dp_get_device_id &rArr; kl520_api_dp_open &rArr; kdp_video_renderer_setting
</UL>
<BR>[Calls]<UL><LI><a href="#[4e6]">&gt;&gt;</a>&nbsp;&nbsp;&nbsp;kdp_display_get_device_id
<LI><a href="#[33c]">&gt;&gt;</a>&nbsp;&nbsp;&nbsp;kl520_api_dp_open
<LI><a href="#[4e7]">&gt;&gt;</a>&nbsp;&nbsp;&nbsp;kl520_api_dp_close
</UL>
<BR>[Called By]<UL><LI><a href="#[334]">&gt;&gt;</a>&nbsp;&nbsp;&nbsp;kl520_api_get_device_info
<LI><a href="#[e7]">&gt;&gt;</a>&nbsp;&nbsp;&nbsp;DSM_Uart_Get_Kn_DeviceInfo
</UL>

<P><STRONG><a name="[1c1]"></a>kl520_api_face_preexecute_stage1</STRONG> (Thumb, 38 bytes, Stack size 8 bytes, kl520_api_fdfr.o(i.kl520_api_face_preexecute_stage1))
<BR><BR>[Stack]<UL><LI>Max Depth = 300<LI>Call Chain = kl520_api_face_preexecute_stage1 &rArr; kl520_api_cam_disp_ctrl &rArr; _api_camera_open &rArr; kdp_level_printf &rArr; kdp_uart_write &rArr; kdp_uart_control &rArr; kdp_serial_init
</UL>
<BR>[Calls]<UL><LI><a href="#[1c4]">&gt;&gt;</a>&nbsp;&nbsp;&nbsp;kl520_api_cam_disp_ctrl
<LI><a href="#[d9]">&gt;&gt;</a>&nbsp;&nbsp;&nbsp;osDelay
</UL>
<BR>[Called By]<UL><LI><a href="#[79]">&gt;&gt;</a>&nbsp;&nbsp;&nbsp;_tasks_init_cameras_thread
<LI><a href="#[1c0]">&gt;&gt;</a>&nbsp;&nbsp;&nbsp;_kl520_api_face_preexecute
</UL>

<P><STRONG><a name="[4a0]"></a>kl520_api_fdfr_start</STRONG> (Thumb, 62 bytes, Stack size 8 bytes, kl520_api_fdfr.o(i.kl520_api_fdfr_start))
<BR><BR>[Stack]<UL><LI>Max Depth = 40<LI>Call Chain = kl520_api_fdfr_start &rArr; osEventFlagsClear &rArr; svcRtxEventFlagsClear
</UL>
<BR>[Calls]<UL><LI><a href="#[16f]">&gt;&gt;</a>&nbsp;&nbsp;&nbsp;kl520_api_get_event
<LI><a href="#[20d]">&gt;&gt;</a>&nbsp;&nbsp;&nbsp;set_thread_event
<LI><a href="#[19c]">&gt;&gt;</a>&nbsp;&nbsp;&nbsp;osMutexRelease
<LI><a href="#[19b]">&gt;&gt;</a>&nbsp;&nbsp;&nbsp;osMutexAcquire
<LI><a href="#[1bc]">&gt;&gt;</a>&nbsp;&nbsp;&nbsp;osEventFlagsClear
<LI><a href="#[d9]">&gt;&gt;</a>&nbsp;&nbsp;&nbsp;osDelay
</UL>
<BR>[Called By]<UL><LI><a href="#[342]">&gt;&gt;</a>&nbsp;&nbsp;&nbsp;_kl520_api_fdfr_try_create_thread
</UL>

<P><STRONG><a name="[ea]"></a>kl520_api_get_scpu_version</STRONG> (Thumb, 30 bytes, Stack size 0 bytes, kl520_api.o(i.kl520_api_get_scpu_version))
<BR><BR>[Called By]<UL><LI><a href="#[334]">&gt;&gt;</a>&nbsp;&nbsp;&nbsp;kl520_api_get_device_info
<LI><a href="#[381]">&gt;&gt;</a>&nbsp;&nbsp;&nbsp;msgZhian
<LI><a href="#[24d]">&gt;&gt;</a>&nbsp;&nbsp;&nbsp;info
<LI><a href="#[40d]">&gt;&gt;</a>&nbsp;&nbsp;&nbsp;ota_check_info
<LI><a href="#[110]">&gt;&gt;</a>&nbsp;&nbsp;&nbsp;DSM_Uart_StartOta
<LI><a href="#[f6]">&gt;&gt;</a>&nbsp;&nbsp;&nbsp;DSM_Uart_Get_Version_Info_zhian_prd
<LI><a href="#[f5]">&gt;&gt;</a>&nbsp;&nbsp;&nbsp;DSM_Uart_Get_Version_Info_zhian_hard
<LI><a href="#[47d]">&gt;&gt;</a>&nbsp;&nbsp;&nbsp;DSM_Uart_Get_Version_Info_zhian
<LI><a href="#[f3]">&gt;&gt;</a>&nbsp;&nbsp;&nbsp;DSM_Uart_Get_Version_Info
<LI><a href="#[e7]">&gt;&gt;</a>&nbsp;&nbsp;&nbsp;DSM_Uart_Get_Kn_DeviceInfo
</UL>

<P><STRONG><a name="[210]"></a>kl520_api_save_to_snap_ddr</STRONG> (Thumb, 28 bytes, Stack size 8 bytes, kl520_api_snapshot.o(i.kl520_api_save_to_snap_ddr))
<BR><BR>[Stack]<UL><LI>Max Depth = 228<LI>Call Chain = kl520_api_save_to_snap_ddr &rArr; kl520_api_snapshot_dma &rArr; kdp_dma_wait_dma_int &rArr; kdp_level_printf &rArr; kdp_uart_write &rArr; kdp_uart_control &rArr; kdp_serial_init
</UL>
<BR>[Calls]<UL><LI><a href="#[362]">&gt;&gt;</a>&nbsp;&nbsp;&nbsp;kl520_api_snapshot_dma
</UL>
<BR>[Called By]<UL><LI><a href="#[20e]">&gt;&gt;</a>&nbsp;&nbsp;&nbsp;api_fdfr_handle_snap_image_event
</UL>

<P><STRONG><a name="[498]"></a>kl520_engineering_calibration</STRONG> (Thumb, 68 bytes, Stack size 24 bytes, kl520_api.o(i.kl520_engineering_calibration))
<BR><BR>[Stack]<UL><LI>Max Depth = 556<LI>Call Chain = kl520_engineering_calibration &rArr; kl520_api_face_add_internal &rArr; kl520_api_face_add &rArr; kl520_api_face_query_all &rArr; kl520_api_fdfr_model_init &rArr; kdp_e2e_face_init &rArr; kdp_e2e_config_image &rArr; kdp_app_get_pixel_size &rArr; kdp_level_printf &rArr; kdp_uart_write &rArr; kdp_uart_control &rArr; kdp_serial_init
</UL>
<BR>[Calls]<UL><LI><a href="#[16a]">&gt;&gt;</a>&nbsp;&nbsp;&nbsp;kdp_e2e_prop_get_inst
<LI><a href="#[46a]">&gt;&gt;</a>&nbsp;&nbsp;&nbsp;kl520_api_face_set_add_mode
<LI><a href="#[222]">&gt;&gt;</a>&nbsp;&nbsp;&nbsp;kl520_api_face_close
<LI><a href="#[469]">&gt;&gt;</a>&nbsp;&nbsp;&nbsp;kl520_api_face_add_set_timeout
<LI><a href="#[343]">&gt;&gt;</a>&nbsp;&nbsp;&nbsp;kl520_api_face_add_internal
<LI><a href="#[4e8]">&gt;&gt;</a>&nbsp;&nbsp;&nbsp;kl520_api_face_add_get_timeout
</UL>
<BR>[Called By]<UL><LI><a href="#[48e]">&gt;&gt;</a>&nbsp;&nbsp;&nbsp;KDP_Uart_MP_Calibration
</UL>

<P><STRONG><a name="[213]"></a>kl520_face_recognition_note</STRONG> (Thumb, 36 bytes, Stack size 8 bytes, kdp_comm_app.o(i.kl520_face_recognition_note))
<BR><BR>[Stack]<UL><LI>Max Depth = 804<LI>Call Chain = kl520_face_recognition_note &rArr; _api_face_note &rArr; send_EnrollOrVerify_note_msg &rArr; kdp_com_send_out_msg &rArr; DSM_AesEncrypt &rArr; aesEncrypt &rArr; keyExpansion &rArr; kdp_level_printf &rArr; kdp_uart_write &rArr; kdp_uart_control &rArr; kdp_serial_init
</UL>
<BR>[Calls]<UL><LI><a href="#[333]">&gt;&gt;</a>&nbsp;&nbsp;&nbsp;kl520_api_face_get_result
<LI><a href="#[15a]">&gt;&gt;</a>&nbsp;&nbsp;&nbsp;_api_face_note
</UL>
<BR>[Called By]<UL><LI><a href="#[78]">&gt;&gt;</a>&nbsp;&nbsp;&nbsp;api_fdfr_thread
</UL>

<P><STRONG><a name="[1f5]"></a>loadStateArray</STRONG> (Thumb, 34 bytes, Stack size 12 bytes, kdp_comm_aes.o(i.loadStateArray))
<BR><BR>[Stack]<UL><LI>Max Depth = 12<LI>Call Chain = loadStateArray
</UL>
<BR>[Called By]<UL><LI><a href="#[d4]">&gt;&gt;</a>&nbsp;&nbsp;&nbsp;aesEncrypt
<LI><a href="#[1f3]">&gt;&gt;</a>&nbsp;&nbsp;&nbsp;aesDecrypt
</UL>

<P><STRONG><a name="[379]"></a>load_ncpu_fw</STRONG> (Thumb, 52 bytes, Stack size 16 bytes, system.o(i.load_ncpu_fw))
<BR><BR>[Stack]<UL><LI>Max Depth = 164<LI>Call Chain = load_ncpu_fw &rArr; kdp_memxfer_flash_to_niram &rArr; ota_get_active_ncpu_partition &rArr; kdp_level_printf &rArr; kdp_uart_write &rArr; kdp_uart_control &rArr; kdp_serial_init
</UL>
<BR>[Calls]<UL><LI><a href="#[301]">&gt;&gt;</a>&nbsp;&nbsp;&nbsp;kdp_memxfer_flash_to_niram
<LI><a href="#[1b4]">&gt;&gt;</a>&nbsp;&nbsp;&nbsp;kdp_memxfer_init
<LI><a href="#[386]">&gt;&gt;</a>&nbsp;&nbsp;&nbsp;mpu_niram_enable
<LI><a href="#[4e9]">&gt;&gt;</a>&nbsp;&nbsp;&nbsp;mpu_niram_disable
</UL>
<BR>[Called By]<UL><LI><a href="#[63]">&gt;&gt;</a>&nbsp;&nbsp;&nbsp;main
</UL>

<P><STRONG><a name="[281]"></a>log_set_level_scpu</STRONG> (Thumb, 22 bytes, Stack size 0 bytes, dbg.o(i.log_set_level_scpu))
[...]
<LI><a href="#[1a8]">&gt;&gt;</a>&nbsp;&nbsp;&nbsp;kdp_memxfer_ddr_to_flash_wo_erase
</UL>
<BR>[Called By]<UL><LI><a href="#[239]">&gt;&gt;</a>&nbsp;&nbsp;&nbsp;kdp_app_db_import
<LI><a href="#[271]">&gt;&gt;</a>&nbsp;&nbsp;&nbsp;kdp_app_db_delete
<LI><a href="#[265]">&gt;&gt;</a>&nbsp;&nbsp;&nbsp;kdp_app_db_add
</UL>

<P><STRONG><a name="[1aa]"></a>_kdp_app_db_show</STRONG> (Thumb, 30 bytes, Stack size 0 bytes, kdp_app_db.o(i._kdp_app_db_show))
<BR><BR>[Calls]<UL><LI><a href="#[1a2]">&gt;&gt;</a>&nbsp;&nbsp;&nbsp;_kdp_app_db_sqrt
</UL>
<BR>[Called By]<UL><LI><a href="#[336]">&gt;&gt;</a>&nbsp;&nbsp;&nbsp;kdp_app_imp_fm_chk_int8
<LI><a href="#[275]">&gt;&gt;</a>&nbsp;&nbsp;&nbsp;kdp_app_imp_fm_chk
</UL>

<P><STRONG><a name="[1a5]"></a>_kdp_app_db_slot_is_used</STRONG> (Thumb, 28 bytes, Stack size 0 bytes, kdp_app_db.o(i._kdp_app_db_slot_is_used))
<BR><BR>[Called By]<UL><LI><a href="#[26f]">&gt;&gt;</a>&nbsp;&nbsp;&nbsp;kdp_app_db_get_user_info_by_idx
<LI><a href="#[269]">&gt;&gt;</a>&nbsp;&nbsp;&nbsp;_kdp_app_db_find_space
<LI><a href="#[1a3]">&gt;&gt;</a>&nbsp;&nbsp;&nbsp;_kdp_app_db_find_exist_id
</UL>

<P><STRONG><a name="[1a2]"></a>_kdp_app_db_sqrt</STRONG> (Thumb, 42 bytes, Stack size 0 bytes, kdp_app_db.o(i._kdp_app_db_sqrt))
<BR><BR>[Called By]<UL><LI><a href="#[1aa]">&gt;&gt;</a>&nbsp;&nbsp;&nbsp;_kdp_app_db_show
<LI><a href="#[1a0]">&gt;&gt;</a>&nbsp;&nbsp;&nbsp;_kdp_app_db_calc_fr_dist_test
</UL>

<P><STRONG><a name="[26a]"></a>_kdp_app_db_update</STRONG> (Thumb, 76 bytes, Stack size 20 bytes, kdp_app_db.o(i._kdp_app_db_update))
<BR><BR>[Stack]<UL><LI>Max Depth = 20<LI>Call Chain = _kdp_app_db_update
</UL>
<BR>[Called By]<UL><LI><a href="#[267]">&gt;&gt;</a>&nbsp;&nbsp;&nbsp;kdp_app_db_both_register
</UL>

<P><STRONG><a name="[272]"></a>kdp_app_db_list</STRONG> (Thumb, 42 bytes, Stack size 12 bytes, kdp_app_db.o(i.kdp_app_db_list))
<BR><BR>[Stack]<UL><LI>Max Depth = 12<LI>Call Chain = kdp_app_db_list
</UL>
<BR>[Called By]<UL><LI><a href="#[271]">&gt;&gt;</a>&nbsp;&nbsp;&nbsp;kdp_app_db_delete
</UL>

<P><STRONG><a name="[6c]"></a>NCPU_IRQHandler</STRONG> (Thumb, 146 bytes, Stack size 32 bytes, kdp_com.o(i.NCPU_IRQHandler))
<BR><BR>[Stack]<UL><LI>Max Depth = 172<LI>Call Chain = NCPU_IRQHandler &rArr; power_mgr_sw_reset &rArr; kdp_level_printf &rArr; kdp_uart_write &rArr; kdp_uart_control &rArr; kdp_serial_init
</UL>
<BR>[Calls]<UL><LI><a href="#[131]">&gt;&gt;</a>&nbsp;&nbsp;&nbsp;scu_ipc_clear_from_ncpu_int
<LI><a href="#[d7]">&gt;&gt;</a>&nbsp;&nbsp;&nbsp;kdp_level_printf
<LI><a href="#[130]">&gt;&gt;</a>&nbsp;&nbsp;&nbsp;power_mgr_sw_reset
</UL>
<BR>[Address Reference Count : 1]<UL><LI> kdp_com.o(i.kdp_com_init)
</UL>
<P><STRONG><a name="[2d4]"></a>kdp_e2e_face_nir_combo_liveness</STRONG> (Thumb, 200 bytes, Stack size 32 bytes, kdp_e2e_r1n1.o(i.kdp_e2e_face_nir_combo_liveness))
<BR><BR>[Stack]<UL><LI>Max Depth = 380<LI>Call Chain = kdp_e2e_face_nir_combo_liveness &rArr; kdp_app_nir_hsn_lv &rArr; kdp_model_nir_hsn_lv &rArr; kdp_model_run_ex &rArr; kdp_model_run &rArr; _kdp_model_run &rArr; kdp_com_ncpu_trigger_int &rArr; kdp_level_printf &rArr; kdp_uart_write &rArr; kdp_uart_control &rArr; kdp_serial_init
</UL>
<BR>[Calls]<UL><LI><a href="#[16a]">&gt;&gt;</a>&nbsp;&nbsp;&nbsp;kdp_e2e_prop_get_inst
<LI><a href="#[e1]">&gt;&gt;</a>&nbsp;&nbsp;&nbsp;kdp_e2e_get_face_variables
<LI><a href="#[1d5]">&gt;&gt;</a>&nbsp;&nbsp;&nbsp;kdp_e2e_get_n1_lm
<LI><a href="#[20f]">&gt;&gt;</a>&nbsp;&nbsp;&nbsp;kdp_e2e_get_img_cfg
<LI><a href="#[2d5]">&gt;&gt;</a>&nbsp;&nbsp;&nbsp;kdp_e2e_get_r1n1_lv
<LI><a href="#[29c]">&gt;&gt;</a>&nbsp;&nbsp;&nbsp;kdp_e2e_get_n1_fd
<LI><a href="#[2d6]">&gt;&gt;</a>&nbsp;&nbsp;&nbsp;kdp_app_nir_lv
<LI><a href="#[2d7]">&gt;&gt;</a>&nbsp;&nbsp;&nbsp;kdp_app_nir_hsn_lv
<LI><a href="#[2d8]">&gt;&gt;</a>&nbsp;&nbsp;&nbsp;kdp_app_nir_eye_lv
</UL>
<BR>[Called By]<UL><LI><a href="#[2de]">&gt;&gt;</a>&nbsp;&nbsp;&nbsp;kdp_e2e_face_r1n1_ncpu_liveness
</UL>

<P><STRONG><a name="[1ef]"></a>aec_e2e_multiply_factor_set</STRONG> (Thumb, 190 bytes, Stack size 16 bytes, kdp_e2e_camera.o(i.aec_e2e_multiply_factor_set))
<BR><BR>[Stack]<UL><LI>Max Depth = 40<LI>Call Chain = aec_e2e_multiply_factor_set &rArr; an_nir_gain_setting &rArr; kdp_camera_set_gain
</UL>
<BR>[Calls]<UL><LI><a href="#[e1]">&gt;&gt;</a>&nbsp;&nbsp;&nbsp;kdp_e2e_get_face_variables
<LI><a href="#[156]">&gt;&gt;</a>&nbsp;&nbsp;&nbsp;kdp_camera_set_exp_time
<LI><a href="#[1f0]">&gt;&gt;</a>&nbsp;&nbsp;&nbsp;kdp_e2e_nir_gain_clip_bound
<LI><a href="#[1f1]">&gt;&gt;</a>&nbsp;&nbsp;&nbsp;kdp_e2e_nir_aec_clip_bound
<LI><a href="#[1f2]">&gt;&gt;</a>&nbsp;&nbsp;&nbsp;an_nir_gain_setting
</UL>
<BR>[Called By]<UL><LI><a href="#[2c6]">&gt;&gt;</a>&nbsp;&nbsp;&nbsp;nir_only_surrond
<LI><a href="#[2b5]">&gt;&gt;</a>&nbsp;&nbsp;&nbsp;nir_continuous_gain_tune
<LI><a href="#[2c0]">&gt;&gt;</a>&nbsp;&nbsp;&nbsp;nir_aec_tune_for_fd_search
</UL>

<P><STRONG><a name="[2ed]"></a>_kdp_e2e_util_mirror_point</STRONG> (Thumb, 166 bytes, Stack size 20 bytes, kdp_e2e_util.o(i._kdp_e2e_util_mirror_point))
<BR><BR>[Stack]<UL><LI>Max Depth = 20<LI>Call Chain = _kdp_e2e_util_mirror_point
</UL>
<BR>[Called By]<UL><LI><a href="#[2bc]">&gt;&gt;</a>&nbsp;&nbsp;&nbsp;kdp_e2e_util_chk_position
</UL>

<P><STRONG><a name="[2d9]"></a>_calc_pixel_val_norm_variance</STRONG> (Thumb, 44 bytes, Stack size 12 bytes, kdp_e2e_face.o(i._calc_pixel_val_norm_variance))
<BR><BR>[Stack]<UL><LI>Max Depth = 12<LI>Call Chain = _calc_pixel_val_norm_variance
</UL>
<BR>[Called By]<UL><LI><a href="#[2d2]">&gt;&gt;</a>&nbsp;&nbsp;&nbsp;kdp_e2e_face_norm_variance
</UL>

<P><STRONG><a name="[1ab]"></a>_kdp_e2e_face_fd_lm</STRONG> (Thumb, 232 bytes, Stack size 128 bytes, kdp_e2e_face.o(i._kdp_e2e_face_fd_lm))
<BR><BR>[Stack]<UL><LI>Max Depth = 420<LI>Call Chain = _kdp_e2e_face_fd_lm &rArr; kdp_model_lm &rArr; kdp_model_run_ex &rArr; kdp_model_run &rArr; _kdp_model_run &rArr; kdp_com_ncpu_trigger_int &rArr; kdp_level_printf &rArr; kdp_uart_write &rArr; kdp_uart_control &rArr; kdp_serial_init
</UL>
<BR>[Calls]<UL><LI><a href="#[1ae]">&gt;&gt;</a>&nbsp;&nbsp;&nbsp;kdp_model_lm
<LI><a href="#[1ac]">&gt;&gt;</a>&nbsp;&nbsp;&nbsp;kdp_model_fd
<LI><a href="#[1ad]">&gt;&gt;</a>&nbsp;&nbsp;&nbsp;save_fd_val_from_model_output
<LI><a href="#[fc]">&gt;&gt;</a>&nbsp;&nbsp;&nbsp;__aeabi_memcpy4
</UL>
<BR>[Called By]<UL><LI><a href="#[2b1]">&gt;&gt;</a>&nbsp;&nbsp;&nbsp;kdp_e2e_face_n1_fd_lm_combo
</UL>

<P><STRONG><a name="[2bd]"></a>kdp_e2e_face_n1_face_seg</STRONG> (Thumb, 266 bytes, Stack size 40 bytes, kdp_e2e_face.o(i.kdp_e2e_face_n1_face_seg))
<BR><BR>[Stack]<UL><LI>Max Depth = 356<LI>Call Chain = kdp_e2e_face_n1_face_seg &rArr; kdp_app_nir_face_seg_mask &rArr; kdp_model_run_ex &rArr; kdp_model_run &rArr; _kdp_model_run &rArr; kdp_com_ncpu_trigger_int &rArr; kdp_level_printf &rArr; kdp_uart_write &rArr; kdp_uart_control &rArr; kdp_serial_init
</UL>
<BR>[Calls]<UL><LI><a href="#[16a]">&gt;&gt;</a>&nbsp;&nbsp;&nbsp;kdp_e2e_prop_get_inst
<LI><a href="#[276]">&gt;&gt;</a>&nbsp;&nbsp;&nbsp;kdp_app_nir_face_seg_mask
</UL>
<BR>[Called By]<UL><LI><a href="#[2b0]">&gt;&gt;</a>&nbsp;&nbsp;&nbsp;kdp_e2e_face_n1
</UL>

<P><STRONG><a name="[2c1]"></a>kdp_e2e_face_n1_lm_mapping_check</STRONG> (Thumb, 144 bytes, Stack size 56 bytes, kdp_e2e_face.o(i.kdp_e2e_face_n1_lm_mapping_check))
<BR><BR>[Stack]<UL><LI>Max Depth = 88<LI>Call Chain = kdp_e2e_face_n1_lm_mapping_check &rArr; kdp_e2e_util_predict_xy_from_offset_xy
</UL>
<BR>[Calls]<UL><LI><a href="#[16a]">&gt;&gt;</a>&nbsp;&nbsp;&nbsp;kdp_e2e_prop_get_inst
<LI><a href="#[212]">&gt;&gt;</a>&nbsp;&nbsp;&nbsp;kdp_e2e_settings_get_inst
<LI><a href="#[22a]">&gt;&gt;</a>&nbsp;&nbsp;&nbsp;kdp_e2e_util_get_eye_range
<LI><a href="#[2c2]">&gt;&gt;</a>&nbsp;&nbsp;&nbsp;kdp_e2e_util_predict_xy_from_offset_xy
</UL>
<BR>[Called By]<UL><LI><a href="#[2cf]">&gt;&gt;</a>&nbsp;&nbsp;&nbsp;kdp_e2e_face_r1
</UL>

<P><STRONG><a name="[2b7]"></a>kdp_e2e_face_n1_lm_postproc</STRONG> (Thumb, 236 bytes, Stack size 32 bytes, kdp_e2e_face.o(i.kdp_e2e_face_n1_lm_postproc))
<BR><BR>[Stack]<UL><LI>Max Depth = 72<LI>Call Chain = kdp_e2e_face_n1_lm_postproc &rArr; kdp_e2e_util_get_person_to_camera_distance &rArr; kdp_e2e_get_avg_eye_range &rArr; __hardfp_sqrtf
</UL>
<BR>[Calls]<UL><LI><a href="#[16a]">&gt;&gt;</a>&nbsp;&nbsp;&nbsp;kdp_e2e_prop_get_inst
<LI><a href="#[180]">&gt;&gt;</a>&nbsp;&nbsp;&nbsp;kdp_e2e_util_get_person_to_camera_distance
</UL>
<BR>[Called By]<UL><LI><a href="#[2b0]">&gt;&gt;</a>&nbsp;&nbsp;&nbsp;kdp_e2e_face_n1
</UL>

<P><STRONG><a name="[2b8]"></a>kdp_e2e_face_norm_delta</STRONG> (Thumb, 190 bytes, Stack size 48 bytes, kdp_e2e_face.o(i.kdp_e2e_face_norm_delta))
<BR><BR>[Stack]<UL><LI>Max Depth = 48<LI>Call Chain = kdp_e2e_face_norm_delta
</UL>
<BR>[Called By]<UL><LI><a href="#[2cf]">&gt;&gt;</a>&nbsp;&nbsp;&nbsp;kdp_e2e_face_r1
<LI><a href="#[2b0]">&gt;&gt;</a>&nbsp;&nbsp;&nbsp;kdp_e2e_face_n1
</UL>

<P><STRONG><a name="[2d2]"></a>kdp_e2e_face_norm_variance</STRONG> (Thumb, 358 bytes, Stack size 64 bytes, kdp_e2e_face.o(i.kdp_e2e_face_norm_variance))
<BR><BR>[Stack]<UL><LI>Max Depth = 76<LI>Call Chain = kdp_e2e_face_norm_variance &rArr; _calc_pixel_val_norm_variance
</UL>
<BR>[Calls]<UL><LI><a href="#[2d9]">&gt;&gt;</a>&nbsp;&nbsp;&nbsp;_calc_pixel_val_norm_variance
</UL>
<BR>[Called By]<UL><LI><a href="#[2d0]">&gt;&gt;</a>&nbsp;&nbsp;&nbsp;kdp_e2e_face_n1r1_postproc
</UL>

<P><STRONG><a name="[2db]"></a>kdp_e2e_face_r1_lm_postproc</STRONG> (Thumb, 278 bytes, Stack size 56 bytes, kdp_e2e_face.o(i.kdp_e2e_face_r1_lm_postproc))
<BR><BR>[Stack]<UL><LI>Max Depth = 200<LI>Call Chain = kdp_e2e_face_r1_lm_postproc &rArr; kdp_e2e_iou_fd_by_mapping &rArr; kdp_e2e_get_mapping_bbox_from_nir &rArr; kdp_e2e_util_predict_xy_from_offset_xy
</UL>
<BR>[Calls]<UL><LI><a href="#[16a]">&gt;&gt;</a>&nbsp;&nbsp;&nbsp;kdp_e2e_prop_get_inst
<LI><a href="#[212]">&gt;&gt;</a>&nbsp;&nbsp;&nbsp;kdp_e2e_settings_get_inst
<LI><a href="#[2df]">&gt;&gt;</a>&nbsp;&nbsp;&nbsp;kdp_e2e_iou_fd_by_mapping
</UL>
<BR>[Called By]<UL><LI><a href="#[2cf]">&gt;&gt;</a>&nbsp;&nbsp;&nbsp;kdp_e2e_face_r1
</UL>

<P><STRONG><a name="[2bf]"></a>kdp_e2e_n1_sunlit_face_det</STRONG> (Thumb, 118 bytes, Stack size 36 bytes, kdp_e2e_face.o(i.kdp_e2e_n1_sunlit_face_det))
<BR><BR>[Stack]<UL><LI>Max Depth = 36<LI>Call Chain = kdp_e2e_n1_sunlit_face_det
</UL>
<BR>[Calls]<UL><LI><a href="#[2b4]">&gt;&gt;</a>&nbsp;&nbsp;&nbsp;kdp_e2e_get_img_mem_addr
</UL>
<BR>[Called By]<UL><LI><a href="#[2b0]">&gt;&gt;</a>&nbsp;&nbsp;&nbsp;kdp_e2e_face_n1
</UL>

<P><STRONG><a name="[1ad]"></a>save_fd_val_from_model_output</STRONG> (Thumb, 162 bytes, Stack size 0 bytes, kdp_e2e_face.o(i.save_fd_val_from_model_output))
<BR><BR>[Called By]<UL><LI><a href="#[1ab]">&gt;&gt;</a>&nbsp;&nbsp;&nbsp;_kdp_e2e_face_fd_lm
</UL>

<P><STRONG><a name="[2a2]"></a>calc_cra_adj_ratio</STRONG> (Thumb, 72 bytes, Stack size 0 bytes, kdp_e2e_db.o(i.calc_cra_adj_ratio))
<BR><BR>[Called By]<UL><LI><a href="#[16c]">&gt;&gt;</a>&nbsp;&nbsp;&nbsp;kdp_e2e_db_compare
</UL>

<P><STRONG><a name="[2a8]"></a>kdp_e2e_db_extra_write</STRONG> (Thumb, 182 bytes, Stack size 88 bytes, kdp_e2e_db.o(i.kdp_e2e_db_extra_write))
<BR><BR>[Stack]<UL><LI>Max Depth = 104<LI>Call Chain = kdp_e2e_db_extra_write &rArr; mutex_unlock &rArr; osMutexRelease
</UL>
<BR>[Calls]<UL><LI><a href="#[197]">&gt;&gt;</a>&nbsp;&nbsp;&nbsp;mutex_unlock
<LI><a href="#[2a9]">&gt;&gt;</a>&nbsp;&nbsp;&nbsp;mutex_lock_timeout
<LI><a href="#[2aa]">&gt;&gt;</a>&nbsp;&nbsp;&nbsp;kdp_app_db_extra_data_write
<LI><a href="#[266]">&gt;&gt;</a>&nbsp;&nbsp;&nbsp;kdp_app_db_check_usr_idx
<LI><a href="#[fc]">&gt;&gt;</a>&nbsp;&nbsp;&nbsp;__aeabi_memcpy4
</UL>
<BR>[Called By]<UL><LI><a href="#[1c9]">&gt;&gt;</a>&nbsp;&nbsp;&nbsp;kdp_e2e_db_register
</UL>

<P><STRONG><a name="[2a1]"></a>kdp_e2e_db_min_user_meet_thers</STRONG> (Thumb, 124 bytes, Stack size 96 bytes, kdp_e2e_db.o(i.kdp_e2e_db_min_user_meet_thers))
<BR><BR>[Stack]<UL><LI>Max Depth = 128<LI>Call Chain = kdp_e2e_db_min_user_meet_thers &rArr; kdp_app_db_find_exist_id &rArr; _kdp_app_db_find_exist_id &rArr; kdp_app_db_check_user_id
</UL>
<BR>[Calls]<UL><LI><a href="#[e1]">&gt;&gt;</a>&nbsp;&nbsp;&nbsp;kdp_e2e_get_face_variables
<LI><a href="#[1d5]">&gt;&gt;</a>&nbsp;&nbsp;&nbsp;kdp_e2e_get_n1_lm
<LI><a href="#[22d]">&gt;&gt;</a>&nbsp;&nbsp;&nbsp;kdp_app_db_find_exist_id
<LI><a href="#[e3]">&gt;&gt;</a>&nbsp;&nbsp;&nbsp;kdp_e2e_db_extra_read
</UL>
<BR>[Called By]<UL><LI><a href="#[16c]">&gt;&gt;</a>&nbsp;&nbsp;&nbsp;kdp_e2e_db_compare
</UL>

<P><STRONG><a name="[277]"></a>_kdp_lmk_to_bbox</STRONG> (Thumb, 170 bytes, Stack size 12 bytes, kdp_app_fid.o(i._kdp_lmk_to_bbox))
<BR><BR>[Stack]<UL><LI>Max Depth = 12<LI>Call Chain = _kdp_lmk_to_bbox
</UL>
<BR>[Called By]<UL><LI><a href="#[30d]">&gt;&gt;</a>&nbsp;&nbsp;&nbsp;kdp_model_face_pose
<LI><a href="#[276]">&gt;&gt;</a>&nbsp;&nbsp;&nbsp;kdp_app_nir_face_seg_mask
</UL>

<P><STRONG><a name="[22e]"></a>get_crop_bbox_lm</STRONG> (Thumb, 160 bytes, Stack size 8 bytes, kdp_app_fid.o(i.get_crop_bbox_lm))
<BR><BR>[Stack]<UL><LI>Max Depth = 104<LI>Call Chain = get_crop_bbox_lm &rArr; kdp_app_crop_box_center &rArr; kdp_app_crop_align_to4
</UL>
<BR>[Calls]<UL><LI><a href="#[22f]">&gt;&gt;</a>&nbsp;&nbsp;&nbsp;kdp_app_crop_box_center
</UL>
<BR>[Called By]<UL><LI><a href="#[1ae]">&gt;&gt;</a>&nbsp;&nbsp;&nbsp;kdp_model_lm
</UL>

<P><STRONG><a name="[261]"></a>kdp_app_crop_align_to4</STRONG> (Thumb, 208 bytes, Stack size 40 bytes, kdp_app_fid.o(i.kdp_app_crop_align_to4))
<BR><BR>[Stack]<UL><LI>Max Depth = 40<LI>Call Chain = kdp_app_crop_align_to4
</UL>
<BR>[Calls]<UL><LI><a href="#[262]">&gt;&gt;</a>&nbsp;&nbsp;&nbsp;round_f2int
</UL>
<BR>[Called By]<UL><LI><a href="#[264]">&gt;&gt;</a>&nbsp;&nbsp;&nbsp;kdp_app_crop_box_one_side
<LI><a href="#[22f]">&gt;&gt;</a>&nbsp;&nbsp;&nbsp;kdp_app_crop_box_center
</UL>

<P><STRONG><a name="[316]"></a>kdp_app_crop_box</STRONG> (Thumb, 102 bytes, Stack size 20 bytes, kdp_app_fid.o(i.kdp_app_crop_box))
<BR><BR>[Stack]<UL><LI>Max Depth = 20<LI>Call Chain = kdp_app_crop_box
</UL>
<BR>[Called By]<UL><LI><a href="#[315]">&gt;&gt;</a>&nbsp;&nbsp;&nbsp;kdp_model_nir_lv
</UL>

<P><STRONG><a name="[22f]"></a>kdp_app_crop_box_center</STRONG> (Thumb, 304 bytes, Stack size 56 bytes, kdp_app_fid.o(i.kdp_app_crop_box_center))
<BR><BR>[Stack]<UL><LI>Max Depth = 96<LI>Call Chain = kdp_app_crop_box_center &rArr; kdp_app_crop_align_to4
</UL>
<BR>[Calls]<UL><LI><a href="#[262]">&gt;&gt;</a>&nbsp;&nbsp;&nbsp;round_f2int
<LI><a href="#[261]">&gt;&gt;</a>&nbsp;&nbsp;&nbsp;kdp_app_crop_align_to4
</UL>
<BR>[Called By]<UL><LI><a href="#[276]">&gt;&gt;</a>&nbsp;&nbsp;&nbsp;kdp_app_nir_face_seg_mask
<LI><a href="#[22e]">&gt;&gt;</a>&nbsp;&nbsp;&nbsp;get_crop_bbox_lm
</UL>

<P><STRONG><a name="[263]"></a>kdp_app_crop_box_fl</STRONG> (Thumb, 288 bytes, Stack size 48 bytes, kdp_app_fid.o(i.kdp_app_crop_box_fl))
<BR><BR>[Stack]<UL><LI>Max Depth = 48<LI>Call Chain = kdp_app_crop_box_fl
</UL>
<BR>[Calls]<UL><LI><a href="#[262]">&gt;&gt;</a>&nbsp;&nbsp;&nbsp;round_f2int
</UL>
<BR>[Called By]<UL><LI><a href="#[312]">&gt;&gt;</a>&nbsp;&nbsp;&nbsp;kdp_model_nir_eye_lv
</UL>

<P><STRONG><a name="[264]"></a>kdp_app_crop_box_one_side</STRONG> (Thumb, 280 bytes, Stack size 64 bytes, kdp_app_fid.o(i.kdp_app_crop_box_one_side))
<BR><BR>[Stack]<UL><LI>Max Depth = 104<LI>Call Chain = kdp_app_crop_box_one_side &rArr; kdp_app_crop_align_to4
</UL>
<BR>[Calls]<UL><LI><a href="#[262]">&gt;&gt;</a>&nbsp;&nbsp;&nbsp;round_f2int
<LI><a href="#[261]">&gt;&gt;</a>&nbsp;&nbsp;&nbsp;kdp_app_crop_align_to4
</UL>
<BR>[Called By]<UL><LI><a href="#[30d]">&gt;&gt;</a>&nbsp;&nbsp;&nbsp;kdp_model_face_pose
</UL>

<P><STRONG><a name="[314]"></a>kdp_app_crop_pad_hsn</STRONG> (Thumb, 336 bytes, Stack size 28 bytes, kdp_app_fid.o(i.kdp_app_crop_pad_hsn))
<BR><BR>[Stack]<UL><LI>Max Depth = 28<LI>Call Chain = kdp_app_crop_pad_hsn
</UL>
<BR>[Called By]<UL><LI><a href="#[313]">&gt;&gt;</a>&nbsp;&nbsp;&nbsp;kdp_model_nir_hsn_lv
</UL>

<P><STRONG><a name="[30e]"></a>kdp_app_pad_value</STRONG> (Thumb, 156 bytes, Stack size 20 bytes, kdp_app_fid.o(i.kdp_app_pad_value))
<BR><BR>[Stack]<UL><LI>Max Depth = 20<LI>Call Chain = kdp_app_pad_value
</UL>
<BR>[Called By]<UL><LI><a href="#[30d]">&gt;&gt;</a>&nbsp;&nbsp;&nbsp;kdp_model_face_pose
<LI><a href="#[315]">&gt;&gt;</a>&nbsp;&nbsp;&nbsp;kdp_model_nir_lv
<LI><a href="#[312]">&gt;&gt;</a>&nbsp;&nbsp;&nbsp;kdp_model_nir_eye_lv
</UL>

<P><STRONG><a name="[278]"></a>kdp_app_pad_value_extend</STRONG> (Thumb, 192 bytes, Stack size 20 bytes, kdp_app_fid.o(i.kdp_app_pad_value_extend))
<BR><BR>[Stack]<UL><LI>Max Depth = 20<LI>Call Chain = kdp_app_pad_value_extend
</UL>
<BR>[Called By]<UL><LI><a href="#[1ae]">&gt;&gt;</a>&nbsp;&nbsp;&nbsp;kdp_model_lm
<LI><a href="#[276]">&gt;&gt;</a>&nbsp;&nbsp;&nbsp;kdp_app_nir_face_seg_mask
</UL>

<P><STRONG><a name="[28e]"></a>kdp_crop_center_radius</STRONG> (Thumb, 84 bytes, Stack size 24 bytes, kdp_app_fid.o(i.kdp_crop_center_radius))
<BR><BR>[Stack]<UL><LI>Max Depth = 40<LI>Call Chain = kdp_crop_center_radius &rArr; __hardfp_sqrtf
</UL>
<BR>[Calls]<UL><LI><a href="#[14d]">&gt;&gt;</a>&nbsp;&nbsp;&nbsp;__hardfp_sqrtf
</UL>
<BR>[Called By]<UL><LI><a href="#[315]">&gt;&gt;</a>&nbsp;&nbsp;&nbsp;kdp_model_nir_lv
<LI><a href="#[313]">&gt;&gt;</a>&nbsp;&nbsp;&nbsp;kdp_model_nir_hsn_lv
</UL>

<P><STRONG><a name="[262]"></a>round_f2int</STRONG> (Thumb, 18 bytes, Stack size 0 bytes, kdp_app_fid.o(i.round_f2int))
<BR><BR>[Called By]<UL><LI><a href="#[264]">&gt;&gt;</a>&nbsp;&nbsp;&nbsp;kdp_app_crop_box_one_side
<LI><a href="#[263]">&gt;&gt;</a>&nbsp;&nbsp;&nbsp;kdp_app_crop_box_fl
<LI><a href="#[22f]">&gt;&gt;</a>&nbsp;&nbsp;&nbsp;kdp_app_crop_box_center
<LI><a href="#[261]">&gt;&gt;</a>&nbsp;&nbsp;&nbsp;kdp_app_crop_align_to4
</UL>

<P><STRONG><a name="[181]"></a>_fp_digits</STRONG> (Thumb, 366 bytes, Stack size 64 bytes, printfa.o(i._fp_digits), UNUSED)
<BR><BR>[Calls]<UL><LI><a href="#[c5]">&gt;&gt;</a>&nbsp;&nbsp;&nbsp;__aeabi_ddiv
<LI><a href="#[cf]">&gt;&gt;</a>&nbsp;&nbsp;&nbsp;__aeabi_dmul
<LI><a href="#[cb]">&gt;&gt;</a>&nbsp;&nbsp;&nbsp;__aeabi_dadd
<LI><a href="#[d0]">&gt;&gt;</a>&nbsp;&nbsp;&nbsp;__aeabi_d2ulz
<LI><a href="#[182]">&gt;&gt;</a>&nbsp;&nbsp;&nbsp;__aeabi_cdrcmple
<LI><a href="#[c7]">&gt;&gt;</a>&nbsp;&nbsp;&nbsp;__aeabi_uldivmod
</UL>
<BR>[Called By]<UL><LI><a href="#[14c]">&gt;&gt;</a>&nbsp;&nbsp;&nbsp;_printf_core
</UL>

<P><STRONG><a name="[14c]"></a>_printf_core</STRONG> (Thumb, 1744 bytes, Stack size 136 bytes, printfa.o(i._printf_core), UNUSED)
<BR><BR>[Calls]<UL><LI><a href="#[1dc]">&gt;&gt;</a>&nbsp;&nbsp;&nbsp;_printf_pre_padding
<LI><a href="#[1dd]">&gt;&gt;</a>&nbsp;&nbsp;&nbsp;_printf_post_padding
<LI><a href="#[181]">&gt;&gt;</a>&nbsp;&nbsp;&nbsp;_fp_digits
<LI><a href="#[c7]">&gt;&gt;</a>&nbsp;&nbsp;&nbsp;__aeabi_uldivmod
<LI><a href="#[1de]">&gt;&gt;</a>&nbsp;&nbsp;&nbsp;__aeabi_uidivmod
</UL>
<BR>[Called By]<UL><LI><a href="#[4d5]">&gt;&gt;</a>&nbsp;&nbsp;&nbsp;__0vsprintf
<LI><a href="#[14b]">&gt;&gt;</a>&nbsp;&nbsp;&nbsp;__0sprintf
</UL>

<P><STRONG><a name="[1dd]"></a>_printf_post_padding</STRONG> (Thumb, 36 bytes, Stack size 24 bytes, printfa.o(i._printf_post_padding), UNUSED)
<BR><BR>[Called By]<UL><LI><a href="#[14c]">&gt;&gt;</a>&nbsp;&nbsp;&nbsp;_printf_core
</UL>

<P><STRONG><a name="[1dc]"></a>_printf_pre_padding</STRONG> (Thumb, 46 bytes, Stack size 24 bytes, printfa.o(i._printf_pre_padding), UNUSED)
<BR><BR>[Called By]<UL><LI><a href="#[14c]">&gt;&gt;</a>&nbsp;&nbsp;&nbsp;_printf_core
</UL>

<P><STRONG><a name="[66]"></a>_sputc</STRONG> (Thumb, 10 bytes, Stack size 0 bytes, printfa.o(i._sputc))
<BR><BR>[Called By]<UL><LI><a href="#[4d5]">&gt;&gt;</a>&nbsp;&nbsp;&nbsp;__0vsprintf
<LI><a href="#[14b]">&gt;&gt;</a>&nbsp;&nbsp;&nbsp;__0sprintf
</UL>
<BR>[Address Reference Count : 2]<UL><LI> printfa.o(i.__0sprintf)
<LI> printfa.o(i.__0vsprintf)
</UL><P>
<H3>
Undefined Global Symbols
</H3><HR></body></html>
