<html>
<body>
<pre>
<h1>礦ision Build Log</h1>
<h2>Tool Versions:</h2>
IDE-Version: μVision V5.38.0.0
Copyright (C) 2022 ARM Ltd and ARM Germany GmbH. All rights reserved.
License Information: fj fj, fj, LIC=YA39H-WX7J3-56ZQ2-9F7WN-U5XI8-5TTFD
 
Tool Versions:
Toolchain:       MDK-ARM Plus  Version: 5.38.0.0
Toolchain Path:  F:\Keil_v5\ARM\ARMCC\Bin
C Compiler:      Armcc.exe V5.06 update 6 (build 750)
Assembler:       Armasm.exe V5.06 update 6 (build 750)
Linker/Locator:  ArmLink.exe V5.06 update 6 (build 750)
Library Manager: ArmAr.exe V5.06 update 6 (build 750)
Hex Converter:   FromElf.exe V5.06 update 6 (build 750)
CPU DLL:         SARMCM3.DLL V5.38.0.0
Dialog DLL:      DCM.DLL V1.17.5.0
Target DLL:      Segger\JL2CM3.dll V2.99.42.0
Dialog DLL:      TCM.DLL V1.56.4.0
 
<h2>Project:</h2>
F:\work\人脸识别\__SDK_RELEASE__1.3.2.20_zhian_sp2509_20240102_174212-1011-prd\__SDK_RELEASE__1.3.2.20_zhian_sp2509_20240102_174212\build\zhian_sp2509\project\scpu\scpu.uvprojx
Project File Date:  05/07/2024

<h2>Output:</h2>
*** Using Compiler 'V5.06 update 6 (build 750)', folder: 'F:\Keil_v5\ARM\ARMCC\Bin'
Build Project 'scpu' - Target 'Target-scpu'
Before Build - User command #1: before_build.bat "F:\Keil_v5\ARM\Flash" scpu
已复制         1 个文件。
已复制         1 个文件。
"--- [before_build]python module numpy has been installed---"
"---[before build]done for python module numpy installation----"	
"--- [before_build]python module opencv-python has been installed---"
"---[before build]done for python module opencv-python installation----"	
"--- [before_build]python module pyserial has been installed---"
"---[before build]done for python module pyserial installation----"	
"--- [before_build]python module crcmod has been installed---"
"---[before build]done for python module crcmod installation----"	
"--- [before_build]python module xmodem has been installed---"
"---[before build]done for python module xmodem installation----"	
"--- [before_build]python module pyprind has been installed---"
"---[before build]done for python module pyprind installation----"	
"--- [before_build]python module pyusb has been installed---"
"---[before build]done for python module pyusb installation----"	
CONFIG is scpu
use latest bin
file_bin_info: flash_bin_info_16mb.cfg
flash_bin\usr_settings.bin is not exists
"--- [before_build] done ---"
compiling board_kl520.c...
compiling kl520_api_camera.c...
compiling kl520_api.c...
compiling kl520_api_system.c...
compiling kl520_api_snapshot.c...
compiling kl520_api_fdfr.c...
compiling kl520_api_sim.c...
compiling kl520_api_ssp.c...
compiling kl520_api_extra_fmap.c...
compiling sample_app_touch.c...
compiling version.c...
compiling sample_app_console.c...
compiling sample_app_spi.c...
compiling sample_user_com_and_gui_fdr.c...
compiling sample_gui_main.c...
compiling sample_gui_fsm_events.c...
compiling pinmux.c...
compiling user_io.c...
compiling main.c...
compiling user_ui.c...
compiling kdp_fb_mgr.c...
compiling kdp_memxfer.c...
compiling kdp520_gpio.c...
compiling kdp520_i2c.c...
compiling kdp520_ssp.c...
compiling kdp520_spi.c...
compiling clock.c...
compiling kdp520_dma.c...
compiling drivers.c...
compiling system.c...
compiling kdp520_virtual_dp.c...
compiling kdp520_lcm.c...
compiling kdp520_lcdc.c...
compiling kdp_camera.c...
compiling kdp520_touch.c...
compiling kdp_camera_kl520.c...
compiling kdp_sensor.c...
compiling sp2509.c...
F:\work\人脸识别\__SDK_RELEASE__1.3.2.20_zhian_sp2509_20240102_174212-1011-prd\__SDK_RELEASE__1.3.2.20_zhian_sp2509_20240102_174212\scpu\drivers\media\sensor\sp2509.c(252): warning:  #177-D: variable "i"  was declared but never referenced
    uint8_t i=0;
F:\work\人脸识别\__SDK_RELEASE__1.3.2.20_zhian_sp2509_20240102_174212-1011-prd\__SDK_RELEASE__1.3.2.20_zhian_sp2509_20240102_174212\scpu\drivers\media\sensor\sp2509.c(402): warning:  #177-D: variable "i2c_id"  was declared but never referenced
      enum i2c_adap_id i2c_id = sensor_dev->i2c_id;
F:\work\人脸识别\__SDK_RELEASE__1.3.2.20_zhian_sp2509_20240102_174212-1011-prd\__SDK_RELEASE__1.3.2.20_zhian_sp2509_20240102_174212\scpu\drivers\media\sensor\sp2509.c(403): warning:  #177-D: variable "dev_addr"  was declared but never referenced
      u8 dev_addr = sensor_dev->addr;
F:\work\人脸识别\__SDK_RELEASE__1.3.2.20_zhian_sp2509_20240102_174212-1011-prd\__SDK_RELEASE__1.3.2.20_zhian_sp2509_20240102_174212\scpu\drivers\media\sensor\sp2509.c(506): warning:  #177-D: variable "i2c_id"  was declared but never referenced
      enum i2c_adap_id i2c_id = sensor_dev->i2c_id;
F:\work\人脸识别\__SDK_RELEASE__1.3.2.20_zhian_sp2509_20240102_174212-1011-prd\__SDK_RELEASE__1.3.2.20_zhian_sp2509_20240102_174212\scpu\drivers\media\sensor\sp2509.c(507): warning:  #177-D: variable "dev_addr"  was declared but never referenced
      u8 dev_addr = sensor_dev->addr;
F:\work\人脸识别\__SDK_RELEASE__1.3.2.20_zhian_sp2509_20240102_174212-1011-prd\__SDK_RELEASE__1.3.2.20_zhian_sp2509_20240102_174212\scpu\drivers\media\sensor\sp2509.c(534): warning:  #177-D: function "sp2509_r_sensor_sleep"  was declared but never referenced
  static int sp2509_r_sensor_sleep( BOOL enable )
F:\work\人脸识别\__SDK_RELEASE__1.3.2.20_zhian_sp2509_20240102_174212-1011-prd\__SDK_RELEASE__1.3.2.20_zhian_sp2509_20240102_174212\scpu\drivers\media\sensor\sp2509.c(542): warning:  #177-D: function "sp2509_l_sensor_sleep"  was declared but never referenced
  static int sp2509_l_sensor_sleep( BOOL enable )
..\..\..\..\scpu\drivers\media\sensor\sp2509.c: 7 warnings, 0 errors
compiling display.c...
compiling st7789_240x320.c...
compiling video_renderer.c...
compiling virtual_dp.c...
compiling mzt_480x272.c...
compiling GD25Q256D.c...
compiling GD25S512MD.c...
compiling flash.c...
compiling W25Q256JV.c...
compiling ct130.c...
compiling touch.c...
compiling ota_update.c...
compiling host_com.c...
compiling ota.c...
compiling host_msg.c...
compiling host_uart_com.c...
compiling host_usb_com.c...
compiling kl520_com.c...
compiling kdp_comm_aes.c...
compiling kdp_comm.c...
compiling kdp_comm_and_gui_fdr.c...
compiling kdp_comm_app.c...
F:\work\人脸识别\__SDK_RELEASE__1.3.2.20_zhian_sp2509_20240102_174212-1011-prd\__SDK_RELEASE__1.3.2.20_zhian_sp2509_20240102_174212\scpu\middleware\kdp_comm\kdp_comm_app.c(342): warning:  #177-D: variable "ncpu_ver"  was declared but never referenced
      struct fw_misc_data scpu_ver, ncpu_ver;
F:\work\人脸识别\__SDK_RELEASE__1.3.2.20_zhian_sp2509_20240102_174212-1011-prd\__SDK_RELEASE__1.3.2.20_zhian_sp2509_20240102_174212\scpu\middleware\kdp_comm\kdp_comm_app.c(384): warning:  #177-D: variable "ncpu_ver"  was declared but never referenced
      struct fw_misc_data scpu_ver, ncpu_ver;
F:\work\人脸识别\__SDK_RELEASE__1.3.2.20_zhian_sp2509_20240102_174212-1011-prd\__SDK_RELEASE__1.3.2.20_zhian_sp2509_20240102_174212\scpu\middleware\kdp_comm\kdp_comm_app.c(409): warning:  #177-D: variable "ncpu_ver"  was declared but never referenced
      struct fw_misc_data scpu_ver, ncpu_ver;
..\..\..\..\scpu\middleware\kdp_comm\kdp_comm_app.c: 3 warnings, 0 errors
compiling kdp_comm_md5.c...
compiling kdp_comm_utils.c...
compiling kdp_host_com.c...
compiling gui_base.c...
compiling kdp_comm_protoco.c...
compiling gui_fsm.c...
compiling gui_mvc.c...
compiling gui_keypad.c...
compiling gui_text.c...
compiling gui_text_btn.c...
linking...
Program Size: Code=102280 RO-data=4472 RW-data=25832 ZI-data=19744  
FromELF: creating hex file...
After Build - User command #1: fromelf.exe --bin ".\Objects\scpu.axf" --output ".\Objects\fw_scpu_tmp.bin"
After Build - User command #2: post_build.bat scpu
F:\work\人脸识别\__SDK_RELEASE__1.3.2.20_zhian_sp2509_20240102_174212-1011-prd\__SDK_RELEASE__1.3.2.20_zhian_sp2509_20240102_174212\build\zhian_sp2509\project\scpu>REM "OTA binary file convert" 
.\Objects\fw_scpu_tmp.bin\ER_RO
.\Objects\fw_scpu_tmp.bin\ER_SPL_OVERLAY
.\Objects\fw_scpu_tmp.bin\ER_SDRAM_RO_1
已复制         1 个文件。
start scpu bin ota gen
已复制         1 个文件。
F:\work\人脸识别\__SDK_RELEASE__1.3.2.20_zhian_sp2509_20240102_174212-1011-prd\__SDK_RELEASE__1.3.2.20_zhian_sp2509_20240102_174212\build\zhian_sp2509\project\scpu>cd ../.. 
F:\work\人脸识别\__SDK_RELEASE__1.3.2.20_zhian_sp2509_20240102_174212-1011-prd\__SDK_RELEASE__1.3.2.20_zhian_sp2509_20240102_174212\build\zhian_sp2509>set target_bin=  
F:\work\人脸识别\__SDK_RELEASE__1.3.2.20_zhian_sp2509_20240102_174212-1011-prd\__SDK_RELEASE__1.3.2.20_zhian_sp2509_20240102_174212\build\zhian_sp2509>for %i in (.) do set target_bin=%~nxi 
F:\work\人脸识别\__SDK_RELEASE__1.3.2.20_zhian_sp2509_20240102_174212-1011-prd\__SDK_RELEASE__1.3.2.20_zhian_sp2509_20240102_174212\build\zhian_sp2509>set target_bin=zhian_sp2509 
F:\work\人脸识别\__SDK_RELEASE__1.3.2.20_zhian_sp2509_20240102_174212-1011-prd\__SDK_RELEASE__1.3.2.20_zhian_sp2509_20240102_174212\build\zhian_sp2509>cd ../../utils/board_gen 
F:\work\人脸识别\__SDK_RELEASE__1.3.2.20_zhian_sp2509_20240102_174212-1011-prd\__SDK_RELEASE__1.3.2.20_zhian_sp2509_20240102_174212\utils\board_gen>python board_gen.py -t zhian_sp2509 
file_bin_info: flash_bin_info_16mb.cfg
".\Objects\scpu.axf" - 0 Error(s), 10 Warning(s).

<h2>Software Packages used:</h2>

Package Vendor: ARM
                http://www.keil.com/pack/ARM.CMSIS.5.9.0.pack
                ARM.CMSIS.5.9.0
                CMSIS (Common Microcontroller Software Interface Standard)
   * Component: RTOS2 Version: 2.1.3
   * Component: CORE Version: 5.6.0
   * Component: Keil RTX5 Variant: Source Version: 5.5.4
   * Component: Startup Version: 1.2.2

<h2>Collection of Component include folders:</h2>
  ./RTE/CMSIS
  ./RTE/_Target-scpu
  F:/Users/fu/AppData/Local/Arm/Packs/ARM/CMSIS/5.9.0/CMSIS/Core/Include
  F:/Users/fu/AppData/Local/Arm/Packs/ARM/CMSIS/5.9.0/CMSIS/RTOS2/Include
  F:/Users/fu/AppData/Local/Arm/Packs/ARM/CMSIS/5.9.0/CMSIS/RTOS2/RTX/Include
  F:/Users/fu/AppData/Local/Arm/Packs/ARM/CMSIS/5.9.0/Device/ARM/ARMCM4/Include

<h2>Collection of Component Files used:</h2>

   * Component: ::CMSIS:RTOS2:2.1.3 (API)
      Include file:  CMSIS/RTOS2/Include/cmsis_os2.h

   * Component: ARM::CMSIS:CORE:5.6.0

   * Component: ARM::CMSIS:RTOS2:Keil RTX5:Source:5.5.4
      Source file:   CMSIS/RTOS2/RTX/Template/Mutex.c
      Source file:   CMSIS/RTOS2/RTX/Source/rtx_kernel.c
      Include file:  CMSIS/RTOS2/RTX/Include/rtx_os.h
      Source file:   CMSIS/RTOS2/RTX/Template/Thread.c
      Source file:   CMSIS/RTOS2/RTX/Source/rtx_thread.c
      Source file:   CMSIS/RTOS2/RTX/Source/rtx_mutex.c
      Source file:   CMSIS/RTOS2/RTX/Source/rtx_evflags.c
      Source file:   CMSIS/RTOS2/RTX/Template/main.c
      Source file:   CMSIS/RTOS2/RTX/Template/MsgQueue.c
      Source file:   CMSIS/RTOS2/RTX/Template/Semaphore.c
      Source file:   CMSIS/RTOS2/RTX/Template/Timer.c
      Source file:   CMSIS/RTOS2/RTX/Template/svc_user.c
      Source file:   CMSIS/RTOS2/RTX/Source/rtx_delay.c
      Source file:   CMSIS/RTOS2/RTX/Source/rtx_semaphore.c
      Source file:   CMSIS/RTOS2/RTX/Source/rtx_memory.c
      Source file:   CMSIS/RTOS2/RTX/Config/RTX_Config.c
      Source file:   CMSIS/RTOS2/RTX/Source/rtx_mempool.c
      Source file:   CMSIS/RTOS2/RTX/Source/rtx_timer.c
      Include file:  CMSIS/RTOS2/RTX/Config/RTX_Config.h
      Source file:   CMSIS/RTOS2/RTX/Template/Events.c
      Source file:   CMSIS/RTOS2/RTX/Template/MemPool.c
      Source file:   CMSIS/RTOS2/RTX/Source/rtx_lib.c
      Source file:   CMSIS/RTOS2/RTX/Source/rtx_evr.c
      Source file:   CMSIS/RTOS2/RTX/Source/ARM/irq_armv7m.s
      Source file:   CMSIS/RTOS2/RTX/Source/rtx_system.c
      Source file:   CMSIS/RTOS2/Source/os_systick.c
      Source file:   CMSIS/RTOS2/RTX/Source/rtx_msgqueue.c

   * Component: ARM::Device:Startup:1.2.2
      Source file:   Device/ARM/ARMCM4/Source/ARM/startup_ARMCM4.s
      Source file:   Device/ARM/ARMCM4/Source/system_ARMCM4.c
Build Time Elapsed:  00:00:23
</pre>
</body>
</html>
